******************************************************************************
                  TI ARM Linker PC v20.2.7                     
******************************************************************************
>> Linked Thu Feb  2 23:15:28 2023

OUTPUT FILE NAME:   <JoyStickTest.out>
ENTRY POINT SYMBOL: "_c_int00_noargs"  address: 00002e31


MEMORY CONFIGURATION

         name            origin    length      used     unused   attr    fill
----------------------  --------  ---------  --------  --------  ----  --------
  MAIN                  00000000   00200000  00003135  001fcecb  R  X
  INFO                  00200000   00008000  00000000  00008000  R  X
  SRAM_CODE             01000000   00040000  0000026d  0003fd93  RW X
  SRAM_DATA             20000000   00040000  0000026d  0003fd93  RW  


SEGMENT ALLOCATION MAP

run origin  load origin   length   init length attrs members
----------  ----------- ---------- ----------- ----- -------
00000000    00000000    00003138   00003138    r-x
  00000000    00000000    000000e8   000000e8    r-- .intvecs
  000000e8    000000e8    00002ef4   00002ef4    r-x .text
  00002fdc    00002fdc    00000111   00000111    r-- .const
  000030f0    000030f0    00000048   00000048    r-- .cinit
20000000    20000000    0000006d   00000000    rw-
  20000000    20000000    00000048   00000000    rw- .data
  20000048    20000048    00000025   00000000    rw- .bss
2003fe00    2003fe00    00000200   00000000    rw-
  2003fe00    2003fe00    00000200   00000000    rw- .stack


SECTION ALLOCATION MAP

 output                                  attributes/
section   page    origin      length       input sections
--------  ----  ----------  ----------   ----------------
.intvecs   0    00000000    000000e8     
                  00000000    000000e8     startup_msp432p4111_ccs.obj (.intvecs:retain)

.text      0    000000e8    00002ef4     
                  000000e8    00000a4e     rtsv7M4_T_le_v4SPD16_eabi.lib : _printfi.c.obj (.text:__TI_printfi)
                  00000b36    00000002                                   : div0.asm.obj (.text)
                  00000b38    00000350     system_msp432p4111.obj (.text)
                  00000e88    000002c4     lcd.obj (.text)
                  0000114c    00000270     rtsv7M4_T_le_v4SPD16_eabi.lib : _printfi.c.obj (.text:_pconv_a)
                  000013bc    00000230     JoyStick.obj (.text)
                  000015ec    000001d0     rtsv7M4_T_le_v4SPD16_eabi.lib : _printfi.c.obj (.text:_pconv_g)
                  000017bc    000001d0     stepperMotor2.obj (.text)
                  0000198c    000001cc     stepperMotor.obj (.text)
                  00001b58    000001b6     rtsv7M4_T_le_v4SPD16_eabi.lib : fd_add_t2.asm.obj (.text)
                  00001d0e    00000002     --HOLE-- [fill = 0]
                  00001d10    0000013c                                   : _printfi.c.obj (.text:_pconv_e)
                  00001e4c    00000138     servoDriver.obj (.text)
                  00001f84    00000136     rtsv7M4_T_le_v4SPD16_eabi.lib : fd_div_t2.asm.obj (.text)
                  000020ba    00000002     --HOLE-- [fill = 0]
                  000020bc    00000124                                   : _printfi.c.obj (.text:fcvt)
                  000021e0    00000110                                   : s_scalbn.c.obj (.text:scalbn)
                  000022f0    000000fc                                   : fd_mul_t2.asm.obj (.text)
                  000023ec    000000f0     sw.obj (.text)
                  000024dc    000000d4     adc.obj (.text)
                  000025b0    000000b1     rtsv7M4_T_le_v4SPD16_eabi.lib : _printfi.c.obj (.text:_ltostr)
                  00002661    00000003     --HOLE-- [fill = 0]
                  00002664    000000ac     sysTickDelays.obj (.text)
                  00002710    0000009c     rtsv7M4_T_le_v4SPD16_eabi.lib : memcpy_t2.asm.obj (.text)
                  000027ac    0000009c     ta1.obj (.text)
                  00002848    00000096     rtsv7M4_T_le_v4SPD16_eabi.lib : ull_div_t2.asm.obj (.text)
                  000028de    00000086                                   : fd_cmp_t2.asm.obj (.text:__aeabi_cdcmple)
                  00002964    00000086                                   : fd_cmp_t2.asm.obj (.text:__aeabi_cdrcmple)
                  000029ea    0000007a                                   : memset_t2.asm.obj (.text)
                  00002a64    0000006e                                   : _printfi.c.obj (.text:_mcpy)
                  00002ad2    00000068                                   : copy_decompress_lzss.c.obj (.text:decompress:lzss:__TI_decompress_lzss)
                  00002b3a    00000002     --HOLE-- [fill = 0]
                  00002b3c    00000064                                   : s_frexp.c.obj (.text:frexp)
                  00002ba0    00000056                                   : _printfi.c.obj (.text:_pconv_f)
                  00002bf6    00000054                                   : _ltoa.c.obj (.text:__TI_ltoa)
                  00002c4a    00000052                                   : _printfi.c.obj (.text:_ecpy)
                  00002c9c    0000004c                                   : atoi.c.obj (.text:atoi)
                  00002ce8    00000048                                   : fd_toi_t2.asm.obj (.text)
                  00002d30    00000044                                   : autoinit.c.obj (.text:__TI_auto_init_nobinit_nopinit:__TI_auto_init_nobinit_nopinit)
                  00002d74    00000040                                   : sprintf.c.obj (.text:sprintf)
                  00002db4    0000003e                                   : _printfi.c.obj (.text:_fcpy)
                  00002df2    00000002     --HOLE-- [fill = 0]
                  00002df4    0000003c     led.obj (.text)
                  00002e30    00000034     rtsv7M4_T_le_v4SPD16_eabi.lib : boot_cortex_m.c.obj (.text:_c_int00_noargs:_c_int00_noargs)
                  00002e64    00000034     clocks.obj (.text)
                  00002e98    0000002e     rtsv7M4_T_le_v4SPD16_eabi.lib : i_tofd_t2.asm.obj (.text)
                  00002ec6    00000020                                   : u_tofd_t2.asm.obj (.text)
                  00002ee6    0000001c                                   : copy_zero_init.c.obj (.text:decompress:ZI:__TI_zero_init_nomemset:__TI_zero_init_nomemset)
                  00002f02    0000001c                                   : memccpy.c.obj (.text:memccpy)
                  00002f1e    0000001a                                   : s_copysign.c.obj (.text:copysign)
                  00002f38    00000018                                   : sprintf.c.obj (.text:_outs)
                  00002f50    00000018                                   : ll_mul_t2.asm.obj (.text)
                  00002f68    00000016                                   : strchr.c.obj (.text:strchr)
                  00002f7e    00000014                                   : strlen.c.obj (.text:strlen)
                  00002f92    00000012                                   : wcslen.c.obj (.text:wcslen)
                  00002fa4    0000000e                                   : copy_decompress_none.c.obj (.text:decompress:none:__TI_decompress_none)
                  00002fb2    0000000e     startup_msp432p4111_ccs.obj (.text)
                  00002fc0    0000000a     rtsv7M4_T_le_v4SPD16_eabi.lib : sprintf.c.obj (.text:_outc)
                  00002fca    00000002     --HOLE-- [fill = 0]
                  00002fcc    00000008                                   : errno.c.obj (.text:__aeabi_errno_addr)
                  00002fd4    00000004                                   : pre_init.c.obj (.text:_system_pre_init)
                  00002fd8    00000004                                   : exit.c.obj (.text:abort:abort)

.const     0    00002fdc    00000111     
                  00002fdc    00000101     rtsv7M4_T_le_v4SPD16_eabi.lib : ctype.c.obj (.const:.string:_ctypes_)
                  000030dd    00000008     stepperMotor2.obj (.const:.string:stepperSequence2)
                  000030e5    00000008     stepperMotor.obj (.const:.string:stepperSequence)

.cinit     0    000030f0    00000048     
                  000030f0    00000021     (.cinit..data.load) [load image, compression = lzss]
                  00003111    00000003     --HOLE-- [fill = 0]
                  00003114    0000000c     (__TI_handler_table)
                  00003120    00000008     (.cinit..bss.load) [load image, compression = zero_init]
                  00003128    00000010     (__TI_cinit_table)

.init_array 
*          0    00000000    00000000     UNINITIALIZED

.binit     0    00000000    00000000     

.data      0    20000000    00000048     UNINITIALIZED
                  20000000    00000021     JoyStick.obj (.data:lcdText)
                  20000021    00000001     --HOLE--
                  20000022    00000002     servoDriver.obj (.data)
                  20000024    00000008     stepperMotor.obj (.data)
                  2000002c    00000008     stepperMotor2.obj (.data)
                  20000034    00000004     JoyStick.obj (.data)
                  20000038    00000008     sysTickDelays.obj (.data)
                  20000040    00000004     rtsv7M4_T_le_v4SPD16_eabi.lib : errno.c.obj (.data)
                  20000044    00000004     system_msp432p4111.obj (.data)

.bss       0    20000048    00000025     UNINITIALIZED
                  20000048    00000004     (.common:curAngle)
                  2000004c    00000004     (.common:curTime)
                  20000050    00000004     (.common:debounceDone)
                  20000054    00000004     (.common:i)
                  20000058    00000004     (.common:pressed)
                  2000005c    00000004     (.common:record)
                  20000060    00000004     (.common:secondTicks)
                  20000064    00000004     (.common:xVal)
                  20000068    00000004     (.common:yVal)
                  2000006c    00000001     (.common:resultReady)

.stack     0    2003fe00    00000200     UNINITIALIZED
                  2003fe00    00000004     rtsv7M4_T_le_v4SPD16_eabi.lib : boot_cortex_m.c.obj (.stack)
                  2003fe04    000001fc     --HOLE--

__llvm_prf_cnts 
*          0    20000000    00000000     UNINITIALIZED

MODULE SUMMARY

       Module                        code    ro data   rw data
       ------                        ----    -------   -------
    .\
       system_msp432p4111.obj        848     0         8      
       lcd.obj                       708     0         0      
       JoyStick.obj                  560     0         140    
       stepperMotor2.obj             464     8         16     
       stepperMotor.obj              460     8         16     
       servoDriver.obj               312     0         12     
       startup_msp432p4111_ccs.obj   14      232       0      
       sw.obj                        240     0         0      
       adc.obj                       212     0         0      
       sysTickDelays.obj             172     0         16     
       ta1.obj                       156     0         0      
       led.obj                       60      0         0      
       clocks.obj                    52      0         0      
    +--+-----------------------------+-------+---------+---------+
       Total:                        4258    248       208    
                                                              
    C:\ti\ccs1210\ccs\tools\compiler\ti-cgt-arm_20.2.7.LTS\lib\rtsv7M4_T_le_v4SPD16_eabi.lib
       _printfi.c.obj                4851    0         0      
       fd_add_t2.asm.obj             438     0         0      
       fd_div_t2.asm.obj             310     0         0      
       s_scalbn.c.obj                272     0         0      
       fd_cmp_t2.asm.obj             268     0         0      
       ctype.c.obj                   0       257       0      
       fd_mul_t2.asm.obj             252     0         0      
       memcpy_t2.asm.obj             156     0         0      
       ull_div_t2.asm.obj            150     0         0      
       memset_t2.asm.obj             122     0         0      
       copy_decompress_lzss.c.obj    104     0         0      
       s_frexp.c.obj                 100     0         0      
       sprintf.c.obj                 98      0         0      
       _ltoa.c.obj                   84      0         0      
       atoi.c.obj                    76      0         0      
       fd_toi_t2.asm.obj             72      0         0      
       autoinit.c.obj                68      0         0      
       boot_cortex_m.c.obj           52      0         0      
       i_tofd_t2.asm.obj             46      0         0      
       u_tofd_t2.asm.obj             32      0         0      
       copy_zero_init.c.obj          28      0         0      
       memccpy.c.obj                 28      0         0      
       s_copysign.c.obj              26      0         0      
       ll_mul_t2.asm.obj             24      0         0      
       strchr.c.obj                  22      0         0      
       strlen.c.obj                  20      0         0      
       wcslen.c.obj                  18      0         0      
       errno.c.obj                   8       0         8      
       copy_decompress_none.c.obj    14      0         0      
       exit.c.obj                    4       0         0      
       pre_init.c.obj                4       0         0      
       div0.asm.obj                  2       0         0      
    +--+-----------------------------+-------+---------+---------+
       Total:                        7749    257       8      
                                                              
       Stack:                        0       0         1024   
       Linker Generated:             0       69        0      
    +--+-----------------------------+-------+---------+---------+
       Grand Total:                  12007   574       1240   


LINKER GENERATED COPY TABLES

__TI_cinit_table @ 00003128 records: 2, size/record: 8, table size: 16
	.data: load addr=000030f0, load size=00000021 bytes, run addr=20000000, run size=00000048 bytes, compression=lzss
	.bss: load addr=00003120, load size=00000008 bytes, run addr=20000048, run size=00000025 bytes, compression=zero_init


LINKER GENERATED HANDLER TABLE

__TI_handler_table @ 00003114 records: 3, size/record: 4, table size: 12
	index: 0, handler: __TI_decompress_lzss
	index: 1, handler: __TI_decompress_none
	index: 2, handler: __TI_zero_init


GLOBAL SYMBOLS: SORTED ALPHABETICALLY BY Name 

address   name                          
-------   ----                          
00002543  ADC14_IRQHandler              
00002543  ADC14_IRQHandler              
00002fbf  AES256_IRQHandler             
00002fbf  BusFault_Handler              
00002fd9  C$$EXIT                       
00002fbf  COMP_E0_IRQHandler            
00002fbf  COMP_E1_IRQHandler            
00002fbf  CS_IRQHandler                 
00002fbf  DMA_ERR_IRQHandler            
00002fbf  DMA_INT0_IRQHandler           
00002fbf  DMA_INT1_IRQHandler           
00002fbf  DMA_INT2_IRQHandler           
00002fbf  DMA_INT3_IRQHandler           
00002fbf  DebugMon_Handler              
00002fbf  Default_Handler               
00002fbf  EUSCIA0_IRQHandler            
00002fbf  EUSCIA1_IRQHandler            
00002fbf  EUSCIA2_IRQHandler            
00002fbf  EUSCIA3_IRQHandler            
00002fbf  EUSCIB0_IRQHandler            
00002fbf  EUSCIB1_IRQHandler            
00002fbf  EUSCIB2_IRQHandler            
00002fbf  EUSCIB3_IRQHandler            
00002fbf  FLCTL_A_IRQHandler            
00002fbf  FPU_IRQHandler                
00002fbf  HardFault_Handler             
00002fbf  LCD_F_IRQHandler              
00002fbf  MemManage_Handler             
00002fbf  NMI_Handler                   
00002fbf  PCM_IRQHandler                
00002455  PORT1_IRQHandler              
00002455  PORT1_IRQHandler              
00002fbf  PORT2_IRQHandler              
00002fbf  PORT3_IRQHandler              
00002fbf  PORT4_IRQHandler              
00002fbf  PORT5_IRQHandler              
00002fbf  PORT6_IRQHandler              
00002fbf  PSS_IRQHandler                
00002fbf  PendSV_Handler                
00002fbf  RTC_C_IRQHandler              
00002fb3  Reset_Handler                 
00002fbf  SVC_Handler                   
00002fbf  SysTick_Handler               
20000044  SystemCoreClock               
00000b39  SystemCoreClockUpdate         
00000db1  SystemInit                    
00002fbf  T32_INT1_IRQHandler           
00002fbf  T32_INT2_IRQHandler           
00002fbf  T32_INTC_IRQHandler           
000018a7  TA0_0_IRQHandler              
000018a7  TA0_0_IRQHandler              
00002fbf  TA0_N_IRQHandler              
00002fbf  TA1_0_IRQHandler              
000027e1  TA1_N_IRQHandler              
000027e1  TA1_N_IRQHandler              
00002fbf  TA2_0_IRQHandler              
00002fbf  TA2_N_IRQHandler              
00001a6f  TA3_0_IRQHandler              
00001a6f  TA3_0_IRQHandler              
00002fbf  TA3_N_IRQHandler              
00002fbf  UsageFault_Handler            
4000480c  WDTCTL_SYM                    
00002fbf  WDT_A_IRQHandler              
20040000  __STACK_END                   
00000200  __STACK_SIZE                  
00003128  __TI_CINIT_Base               
00003138  __TI_CINIT_Limit              
00003114  __TI_Handler_Table_Base       
00003120  __TI_Handler_Table_Limit      
00002d31  __TI_auto_init_nobinit_nopinit
00002ad3  __TI_decompress_lzss          
00002fa5  __TI_decompress_none          
00002bf7  __TI_ltoa                     
ffffffff  __TI_pprof_out_hndl           
000000e9  __TI_printfi                  
ffffffff  __TI_prof_data_size           
ffffffff  __TI_prof_data_start          
00000000  __TI_static_base__            
00002ee7  __TI_zero_init_nomemset       
000028df  __aeabi_cdcmpeq               
000028df  __aeabi_cdcmple               
00002965  __aeabi_cdrcmple              
00002ce9  __aeabi_d2iz                  
00001b63  __aeabi_dadd                  
00001f85  __aeabi_ddiv                  
000022f1  __aeabi_dmul                  
00001b59  __aeabi_dsub                  
00002fcd  __aeabi_errno_addr            
00002e99  __aeabi_i2d                   
00000b37  __aeabi_idiv0                 
00000b37  __aeabi_ldiv0                 
00002f51  __aeabi_lmul                  
000029eb  __aeabi_memclr                
000029eb  __aeabi_memclr4               
000029eb  __aeabi_memclr8               
00002711  __aeabi_memcpy                
00002711  __aeabi_memcpy4               
00002711  __aeabi_memcpy8               
000029ed  __aeabi_memset                
000029ed  __aeabi_memset4               
000029ed  __aeabi_memset8               
00002ec7  __aeabi_ui2d                  
00002849  __aeabi_uldivmod              
ffffffff  __binit__                     
ffffffff  __c_args__                    
UNDEFED   __mpu_init                    
2003fe00  __stack                       
20000000  __start___llvm_prf_cnts       
20000000  __stop___llvm_prf_cnts        
00002e31  _c_int00_noargs               
00002fdc  _ctypes_                      
UNDEFED   _system_post_cinit            
00002fd5  _system_pre_init              
00002fd9  abort                         
00002537  adcSample                     
00002c9d  atoi                          
ffffffff  binit                         
0000106f  clearDisplay                  
20000028  clockWise                     
20000030  clockWise2                    
00000fbb  commandInstruction            
00002e65  configClocks                  
00000e97  configLCD                     
0000250d  configureADC14                
00002f1f  copysign                      
00002f1f  copysignl                     
20000048  curAngle                      
20000034  curState                      
2000004c  curTime                       
20000026  currentStep                   
2000002e  currentStep2                  
00000fd5  dataInstruction               
20000050  debounceDone                  
00002679  delayMicroSec                 
000026e9  delayMilliSec                 
000019ff  disableStepperMotor           
00001835  disableStepperMotor2          
000019e7  enableStepperMotor            
00001819  enableStepperMotor2           
20000040  errno                         
00002b3d  frexp                         
00002b3d  frexpl                        
20000054  i                             
00001ea3  incrementTenDegree            
000024dd  initADCPorts                  
00002665  initDelayTimer                
00000fe9  initLCD                       
00001e4d  initServoMotor                
0000198d  initStepperMotor              
000017bd  initStepperMotor2             
0000156f  initializeAll                 
00002df5  initializeRGBLEDs             
000023ed  initializeSwitches            
00000efb  instructionDelay              
00000000  interruptVectors              
20000000  lcdText                       
000021e1  ldexp                         
000021e1  ldexpl                        
000013bd  main                          
00002f03  memccpy                       
00002711  memcpy                        
000029f3  memset                        
00001085  moveCursor                    
000013e3  moveJoystick                  
20000058  pressed                       
0000105f  printChar                     
20000022  pulseWidthTicks               
2000005c  record                        
2000006c  resultReady                   
0000107b  returnHome                    
000021e1  scalbn                        
000021e1  scalbnl                       
20000060  secondTicks                   
00001a8d  setDirection                  
000018c5  setDirection2                 
00001ac1  setRPM                        
000018f9  setRPM2                       
00001ef1  setServoAngle                 
00000e89  setupLCD                      
000027ad  setupTA1                      
00002d75  sprintf                       
00001a0d  stepClockwise                 
00001845  stepClockwise2                
00001a3d  stepCounterClockwise          
00001875  stepCounterClockwise2         
20000024  stepPeriod                    
2000002c  stepPeriod2                   
000030e5  stepperSequence               
000030dd  stepperSequence2              
00002f69  strchr                        
00002f7f  strlen                        
20000038  sysClkFreq                    
00001aab  toggleDirection               
000018e3  toggleDirection2              
00001f29  toggleServo                   
000010bb  updateDispVal                 
00002f93  wcslen                        
00000f29  writeInstruction              
20000064  xVal                          
20000068  yVal                          


GLOBAL SYMBOLS: SORTED BY Symbol Address 

address   name                          
-------   ----                          
00000000  __TI_static_base__            
00000000  interruptVectors              
000000e9  __TI_printfi                  
00000200  __STACK_SIZE                  
00000b37  __aeabi_idiv0                 
00000b37  __aeabi_ldiv0                 
00000b39  SystemCoreClockUpdate         
00000db1  SystemInit                    
00000e89  setupLCD                      
00000e97  configLCD                     
00000efb  instructionDelay              
00000f29  writeInstruction              
00000fbb  commandInstruction            
00000fd5  dataInstruction               
00000fe9  initLCD                       
0000105f  printChar                     
0000106f  clearDisplay                  
0000107b  returnHome                    
00001085  moveCursor                    
000010bb  updateDispVal                 
000013bd  main                          
000013e3  moveJoystick                  
0000156f  initializeAll                 
000017bd  initStepperMotor2             
00001819  enableStepperMotor2           
00001835  disableStepperMotor2          
00001845  stepClockwise2                
00001875  stepCounterClockwise2         
000018a7  TA0_0_IRQHandler              
000018a7  TA0_0_IRQHandler              
000018c5  setDirection2                 
000018e3  toggleDirection2              
000018f9  setRPM2                       
0000198d  initStepperMotor              
000019e7  enableStepperMotor            
000019ff  disableStepperMotor           
00001a0d  stepClockwise                 
00001a3d  stepCounterClockwise          
00001a6f  TA3_0_IRQHandler              
00001a6f  TA3_0_IRQHandler              
00001a8d  setDirection                  
00001aab  toggleDirection               
00001ac1  setRPM                        
00001b59  __aeabi_dsub                  
00001b63  __aeabi_dadd                  
00001e4d  initServoMotor                
00001ea3  incrementTenDegree            
00001ef1  setServoAngle                 
00001f29  toggleServo                   
00001f85  __aeabi_ddiv                  
000021e1  ldexp                         
000021e1  ldexpl                        
000021e1  scalbn                        
000021e1  scalbnl                       
000022f1  __aeabi_dmul                  
000023ed  initializeSwitches            
00002455  PORT1_IRQHandler              
00002455  PORT1_IRQHandler              
000024dd  initADCPorts                  
0000250d  configureADC14                
00002537  adcSample                     
00002543  ADC14_IRQHandler              
00002543  ADC14_IRQHandler              
00002665  initDelayTimer                
00002679  delayMicroSec                 
000026e9  delayMilliSec                 
00002711  __aeabi_memcpy                
00002711  __aeabi_memcpy4               
00002711  __aeabi_memcpy8               
00002711  memcpy                        
000027ad  setupTA1                      
000027e1  TA1_N_IRQHandler              
000027e1  TA1_N_IRQHandler              
00002849  __aeabi_uldivmod              
000028df  __aeabi_cdcmpeq               
000028df  __aeabi_cdcmple               
00002965  __aeabi_cdrcmple              
000029eb  __aeabi_memclr                
000029eb  __aeabi_memclr4               
000029eb  __aeabi_memclr8               
000029ed  __aeabi_memset                
000029ed  __aeabi_memset4               
000029ed  __aeabi_memset8               
000029f3  memset                        
00002ad3  __TI_decompress_lzss          
00002b3d  frexp                         
00002b3d  frexpl                        
00002bf7  __TI_ltoa                     
00002c9d  atoi                          
00002ce9  __aeabi_d2iz                  
00002d31  __TI_auto_init_nobinit_nopinit
00002d75  sprintf                       
00002df5  initializeRGBLEDs             
00002e31  _c_int00_noargs               
00002e65  configClocks                  
00002e99  __aeabi_i2d                   
00002ec7  __aeabi_ui2d                  
00002ee7  __TI_zero_init_nomemset       
00002f03  memccpy                       
00002f1f  copysign                      
00002f1f  copysignl                     
00002f51  __aeabi_lmul                  
00002f69  strchr                        
00002f7f  strlen                        
00002f93  wcslen                        
00002fa5  __TI_decompress_none          
00002fb3  Reset_Handler                 
00002fbf  AES256_IRQHandler             
00002fbf  BusFault_Handler              
00002fbf  COMP_E0_IRQHandler            
00002fbf  COMP_E1_IRQHandler            
00002fbf  CS_IRQHandler                 
00002fbf  DMA_ERR_IRQHandler            
00002fbf  DMA_INT0_IRQHandler           
00002fbf  DMA_INT1_IRQHandler           
00002fbf  DMA_INT2_IRQHandler           
00002fbf  DMA_INT3_IRQHandler           
00002fbf  DebugMon_Handler              
00002fbf  Default_Handler               
00002fbf  EUSCIA0_IRQHandler            
00002fbf  EUSCIA1_IRQHandler            
00002fbf  EUSCIA2_IRQHandler            
00002fbf  EUSCIA3_IRQHandler            
00002fbf  EUSCIB0_IRQHandler            
00002fbf  EUSCIB1_IRQHandler            
00002fbf  EUSCIB2_IRQHandler            
00002fbf  EUSCIB3_IRQHandler            
00002fbf  FLCTL_A_IRQHandler            
00002fbf  FPU_IRQHandler                
00002fbf  HardFault_Handler             
00002fbf  LCD_F_IRQHandler              
00002fbf  MemManage_Handler             
00002fbf  NMI_Handler                   
00002fbf  PCM_IRQHandler                
00002fbf  PORT2_IRQHandler              
00002fbf  PORT3_IRQHandler              
00002fbf  PORT4_IRQHandler              
00002fbf  PORT5_IRQHandler              
00002fbf  PORT6_IRQHandler              
00002fbf  PSS_IRQHandler                
00002fbf  PendSV_Handler                
00002fbf  RTC_C_IRQHandler              
00002fbf  SVC_Handler                   
00002fbf  SysTick_Handler               
00002fbf  T32_INT1_IRQHandler           
00002fbf  T32_INT2_IRQHandler           
00002fbf  T32_INTC_IRQHandler           
00002fbf  TA0_N_IRQHandler              
00002fbf  TA1_0_IRQHandler              
00002fbf  TA2_0_IRQHandler              
00002fbf  TA2_N_IRQHandler              
00002fbf  TA3_N_IRQHandler              
00002fbf  UsageFault_Handler            
00002fbf  WDT_A_IRQHandler              
00002fcd  __aeabi_errno_addr            
00002fd5  _system_pre_init              
00002fd9  C$$EXIT                       
00002fd9  abort                         
00002fdc  _ctypes_                      
000030dd  stepperSequence2              
000030e5  stepperSequence               
00003114  __TI_Handler_Table_Base       
00003120  __TI_Handler_Table_Limit      
00003128  __TI_CINIT_Base               
00003138  __TI_CINIT_Limit              
20000000  __start___llvm_prf_cnts       
20000000  __stop___llvm_prf_cnts        
20000000  lcdText                       
20000022  pulseWidthTicks               
20000024  stepPeriod                    
20000026  currentStep                   
20000028  clockWise                     
2000002c  stepPeriod2                   
2000002e  currentStep2                  
20000030  clockWise2                    
20000034  curState                      
20000038  sysClkFreq                    
20000040  errno                         
20000044  SystemCoreClock               
20000048  curAngle                      
2000004c  curTime                       
20000050  debounceDone                  
20000054  i                             
20000058  pressed                       
2000005c  record                        
20000060  secondTicks                   
20000064  xVal                          
20000068  yVal                          
2000006c  resultReady                   
2003fe00  __stack                       
20040000  __STACK_END                   
4000480c  WDTCTL_SYM                    
ffffffff  __TI_pprof_out_hndl           
ffffffff  __TI_prof_data_size           
ffffffff  __TI_prof_data_start          
ffffffff  __binit__                     
ffffffff  __c_args__                    
ffffffff  binit                         
UNDEFED   __mpu_init                    
UNDEFED   _system_post_cinit            

[200 symbols]
