******************************************************************************
                  TI ARM Linker PC v20.2.7                     
******************************************************************************
>> Linked Wed Feb 15 17:31:41 2023

OUTPUT FILE NAME:   <TermProject.out>
ENTRY POINT SYMBOL: "_c_int00_noargs"  address: 000030d9


MEMORY CONFIGURATION

         name            origin    length      used     unused   attr    fill
----------------------  --------  ---------  --------  --------  ----  --------
  MAIN                  00000000   00200000  000033dd  001fcc23  R  X
  INFO                  00200000   00008000  00000000  00008000  R  X
  SRAM_CODE             01000000   00040000  00000281  0003fd7f  RW X
  SRAM_DATA             20000000   00040000  00000281  0003fd7f  RW  


SEGMENT ALLOCATION MAP

run origin  load origin   length   init length attrs members
----------  ----------- ---------- ----------- ----- -------
00000000    00000000    000033e0   000033e0    r-x
  00000000    00000000    000000e8   000000e8    r-- .intvecs
  000000e8    000000e8    0000319c   0000319c    r-x .text
  00003284    00003284    00000111   00000111    r-- .const
  00003398    00003398    00000048   00000048    r-- .cinit
20000000    20000000    00000081   00000000    rw-
  20000000    20000000    00000044   00000000    rw- .data
  20000044    20000044    0000003d   00000000    rw- .bss
2003fe00    2003fe00    00000200   00000000    rw-
  2003fe00    2003fe00    00000200   00000000    rw- .stack


SECTION ALLOCATION MAP

 output                                  attributes/
section   page    origin      length       input sections
--------  ----  ----------  ----------   ----------------
.intvecs   0    00000000    000000e8     
                  00000000    000000e8     startup_msp432p4111_ccs.obj (.intvecs:retain)

.text      0    000000e8    0000319c     
                  000000e8    00000a4e     rtsv7M4_T_le_v4SPD16_eabi.lib : _printfi.c.obj (.text:__TI_printfi)
                  00000b36    00000002                                   : div0.asm.obj (.text)
                  00000b38    000003c8     stateMachine.obj (.text)
                  00000f00    00000350     system_msp432p4111.obj (.text)
                  00001250    000002d0     lcd.obj (.text)
                  00001520    00000270     rtsv7M4_T_le_v4SPD16_eabi.lib : _printfi.c.obj (.text:_pconv_a)
                  00001790    000001d0                                   : _printfi.c.obj (.text:_pconv_g)
                  00001960    000001d0     stepperMotor2.obj (.text)
                  00001b30    000001cc     stepperMotor.obj (.text)
                  00001cfc    000001b6     rtsv7M4_T_le_v4SPD16_eabi.lib : fd_add_t2.asm.obj (.text)
                  00001eb2    00000002     --HOLE-- [fill = 0]
                  00001eb4    00000150     adc.obj (.text)
                  00002004    00000144     servoDriver.obj (.text)
                  00002148    0000013c     rtsv7M4_T_le_v4SPD16_eabi.lib : _printfi.c.obj (.text:_pconv_e)
                  00002284    00000136                                   : fd_div_t2.asm.obj (.text)
                  000023ba    00000002     --HOLE-- [fill = 0]
                  000023bc    00000128     sw.obj (.text)
                  000024e4    00000124     rtsv7M4_T_le_v4SPD16_eabi.lib : _printfi.c.obj (.text:fcvt)
                  00002608    00000110                                   : s_scalbn.c.obj (.text:scalbn)
                  00002718    000000fc                                   : fd_mul_t2.asm.obj (.text)
                  00002814    000000b1                                   : _printfi.c.obj (.text:_ltostr)
                  000028c5    00000003     --HOLE-- [fill = 0]
                  000028c8    000000ac     sysTickDelays.obj (.text)
                  00002974    0000009c     rtsv7M4_T_le_v4SPD16_eabi.lib : memcpy_t2.asm.obj (.text)
                  00002a10    0000009c     ta1.obj (.text)
                  00002aac    00000096     rtsv7M4_T_le_v4SPD16_eabi.lib : ull_div_t2.asm.obj (.text)
                  00002b42    00000086                                   : fd_cmp_t2.asm.obj (.text:__aeabi_cdcmple)
                  00002bc8    00000086                                   : fd_cmp_t2.asm.obj (.text:__aeabi_cdrcmple)
                  00002c4e    0000007a                                   : memset_t2.asm.obj (.text)
                  00002cc8    0000006e                                   : _printfi.c.obj (.text:_mcpy)
                  00002d36    00000068                                   : copy_decompress_lzss.c.obj (.text:decompress:lzss:__TI_decompress_lzss)
                  00002d9e    00000002     --HOLE-- [fill = 0]
                  00002da0    00000064                                   : s_frexp.c.obj (.text:frexp)
                  00002e04    00000056                                   : _printfi.c.obj (.text:_pconv_f)
                  00002e5a    00000054                                   : _ltoa.c.obj (.text:__TI_ltoa)
                  00002eae    00000052                                   : _printfi.c.obj (.text:_ecpy)
                  00002f00    0000004c                                   : atoi.c.obj (.text:atoi)
                  00002f4c    00000048                                   : fd_toi_t2.asm.obj (.text)
                  00002f94    00000044     ClawGame.obj (.text)
                  00002fd8    00000044     rtsv7M4_T_le_v4SPD16_eabi.lib : autoinit.c.obj (.text:__TI_auto_init_nobinit_nopinit:__TI_auto_init_nobinit_nopinit)
                  0000301c    00000040                                   : sprintf.c.obj (.text:sprintf)
                  0000305c    0000003e                                   : _printfi.c.obj (.text:_fcpy)
                  0000309a    00000002     --HOLE-- [fill = 0]
                  0000309c    0000003c     led.obj (.text)
                  000030d8    00000034     rtsv7M4_T_le_v4SPD16_eabi.lib : boot_cortex_m.c.obj (.text:_c_int00_noargs:_c_int00_noargs)
                  0000310c    00000034     clocks.obj (.text)
                  00003140    0000002e     rtsv7M4_T_le_v4SPD16_eabi.lib : i_tofd_t2.asm.obj (.text)
                  0000316e    00000020                                   : u_tofd_t2.asm.obj (.text)
                  0000318e    0000001c                                   : copy_zero_init.c.obj (.text:decompress:ZI:__TI_zero_init_nomemset:__TI_zero_init_nomemset)
                  000031aa    0000001c                                   : memccpy.c.obj (.text:memccpy)
                  000031c6    0000001a                                   : s_copysign.c.obj (.text:copysign)
                  000031e0    00000018                                   : sprintf.c.obj (.text:_outs)
                  000031f8    00000018                                   : ll_mul_t2.asm.obj (.text)
                  00003210    00000016                                   : strchr.c.obj (.text:strchr)
                  00003226    00000014                                   : strlen.c.obj (.text:strlen)
                  0000323a    00000012                                   : wcslen.c.obj (.text:wcslen)
                  0000324c    0000000e                                   : copy_decompress_none.c.obj (.text:decompress:none:__TI_decompress_none)
                  0000325a    0000000e     startup_msp432p4111_ccs.obj (.text)
                  00003268    0000000a     rtsv7M4_T_le_v4SPD16_eabi.lib : sprintf.c.obj (.text:_outc)
                  00003272    00000002     --HOLE-- [fill = 0]
                  00003274    00000008                                   : errno.c.obj (.text:__aeabi_errno_addr)
                  0000327c    00000004                                   : pre_init.c.obj (.text:_system_pre_init)
                  00003280    00000004                                   : exit.c.obj (.text:abort:abort)

.const     0    00003284    00000111     
                  00003284    00000101     rtsv7M4_T_le_v4SPD16_eabi.lib : ctype.c.obj (.const:.string:_ctypes_)
                  00003385    00000008     stepperMotor2.obj (.const:.string:stepperSequence2)
                  0000338d    00000008     stepperMotor.obj (.const:.string:stepperSequence)

.cinit     0    00003398    00000048     
                  00003398    00000020     (.cinit..data.load) [load image, compression = lzss]
                  000033b8    0000000c     (__TI_handler_table)
                  000033c4    00000004     --HOLE-- [fill = 0]
                  000033c8    00000008     (.cinit..bss.load) [load image, compression = zero_init]
                  000033d0    00000010     (__TI_cinit_table)

.init_array 
*          0    00000000    00000000     UNINITIALIZED

.binit     0    00000000    00000000     

.data      0    20000000    00000044     UNINITIALIZED
                  20000000    00000021     stateMachine.obj (.data:lcdText)
                  20000021    00000001     --HOLE--
                  20000022    00000002     servoDriver.obj (.data)
                  20000024    00000008     stepperMotor.obj (.data)
                  2000002c    00000008     stepperMotor2.obj (.data)
                  20000034    00000004     rtsv7M4_T_le_v4SPD16_eabi.lib : errno.c.obj (.data)
                  20000038    00000008     sysTickDelays.obj (.data)
                  20000040    00000004     system_msp432p4111.obj (.data)

.bss       0    20000044    0000003d     UNINITIALIZED
                  20000044    00000004     (.common:curAngle)
                  20000048    00000004     (.common:curState)
                  2000004c    00000004     (.common:curTime)
                  20000050    00000004     (.common:debounceDone)
                  20000054    00000004     (.common:i)
                  20000058    00000004     (.common:photoVal)
                  2000005c    00000004     (.common:photoVal2)
                  20000060    00000004     (.common:pressed)
                  20000064    00000004     (.common:record)
                  20000068    00000004     (.common:resetNeeded)
                  2000006c    00000004     (.common:resetPressed)
                  20000070    00000004     (.common:secondTicks)
                  20000074    00000004     (.common:winTime)
                  20000078    00000004     (.common:xVal)
                  2000007c    00000004     (.common:yVal)
                  20000080    00000001     (.common:resultReady)

.stack     0    2003fe00    00000200     UNINITIALIZED
                  2003fe00    00000004     rtsv7M4_T_le_v4SPD16_eabi.lib : boot_cortex_m.c.obj (.stack)
                  2003fe04    000001fc     --HOLE--

__llvm_prf_cnts 
*          0    20000000    00000000     UNINITIALIZED

MODULE SUMMARY

       Module                        code    ro data   rw data
       ------                        ----    -------   -------
    .\
       stateMachine.obj              968     0         74     
       system_msp432p4111.obj        848     0         8      
       lcd.obj                       720     0         0      
       stepperMotor2.obj             464     8         16     
       stepperMotor.obj              460     8         16     
       adc.obj                       336     0         0      
       servoDriver.obj               324     0         12     
       sw.obj                        296     0         0      
       startup_msp432p4111_ccs.obj   14      232       0      
       sysTickDelays.obj             172     0         16     
       ClawGame.obj                  68      0         106    
       ta1.obj                       156     0         0      
       led.obj                       60      0         0      
       clocks.obj                    52      0         0      
    +--+-----------------------------+-------+---------+---------+
       Total:                        4938    248       248    
                                                              
    C:\ti\ccs1210\ccs\tools\compiler\ti-cgt-arm_20.2.7.LTS\lib\rtsv7M4_T_le_v4SPD16_eabi.lib
       _printfi.c.obj                4851    0         0      
       fd_add_t2.asm.obj             438     0         0      
       fd_div_t2.asm.obj             310     0         0      
       s_scalbn.c.obj                272     0         0      
       fd_cmp_t2.asm.obj             268     0         0      
       ctype.c.obj                   0       257       0      
       fd_mul_t2.asm.obj             252     0         0      
       memcpy_t2.asm.obj             156     0         0      
       ull_div_t2.asm.obj            150     0         0      
       memset_t2.asm.obj             122     0         0      
       copy_decompress_lzss.c.obj    104     0         0      
       s_frexp.c.obj                 100     0         0      
       sprintf.c.obj                 98      0         0      
       _ltoa.c.obj                   84      0         0      
       atoi.c.obj                    76      0         0      
       fd_toi_t2.asm.obj             72      0         0      
       autoinit.c.obj                68      0         0      
       boot_cortex_m.c.obj           52      0         0      
       i_tofd_t2.asm.obj             46      0         0      
       u_tofd_t2.asm.obj             32      0         0      
       copy_zero_init.c.obj          28      0         0      
       memccpy.c.obj                 28      0         0      
       s_copysign.c.obj              26      0         0      
       ll_mul_t2.asm.obj             24      0         0      
       strchr.c.obj                  22      0         0      
       strlen.c.obj                  20      0         0      
       wcslen.c.obj                  18      0         0      
       errno.c.obj                   8       0         8      
       copy_decompress_none.c.obj    14      0         0      
       exit.c.obj                    4       0         0      
       pre_init.c.obj                4       0         0      
       div0.asm.obj                  2       0         0      
    +--+-----------------------------+-------+---------+---------+
       Total:                        7749    257       8      
                                                              
       Stack:                        0       0         1024   
       Linker Generated:             0       68        0      
    +--+-----------------------------+-------+---------+---------+
       Grand Total:                  12687   573       1280   


LINKER GENERATED COPY TABLES

__TI_cinit_table @ 000033d0 records: 2, size/record: 8, table size: 16
	.data: load addr=00003398, load size=00000020 bytes, run addr=20000000, run size=00000044 bytes, compression=lzss
	.bss: load addr=000033c8, load size=00000008 bytes, run addr=20000044, run size=0000003d bytes, compression=zero_init


LINKER GENERATED HANDLER TABLE

__TI_handler_table @ 000033b8 records: 3, size/record: 4, table size: 12
	index: 0, handler: __TI_decompress_lzss
	index: 1, handler: __TI_decompress_none
	index: 2, handler: __TI_zero_init


GLOBAL SYMBOLS: SORTED ALPHABETICALLY BY Name 

address   name                          
-------   ----                          
00001f4b  ADC14_IRQHandler              
00001f4b  ADC14_IRQHandler              
00003267  AES256_IRQHandler             
00003267  BusFault_Handler              
00003281  C$$EXIT                       
00003267  COMP_E0_IRQHandler            
00003267  COMP_E1_IRQHandler            
00003267  CS_IRQHandler                 
00003267  DMA_ERR_IRQHandler            
00003267  DMA_INT0_IRQHandler           
00003267  DMA_INT1_IRQHandler           
00003267  DMA_INT2_IRQHandler           
00003267  DMA_INT3_IRQHandler           
00003267  DebugMon_Handler              
00003267  Default_Handler               
00003267  EUSCIA0_IRQHandler            
00003267  EUSCIA1_IRQHandler            
00003267  EUSCIA2_IRQHandler            
00003267  EUSCIA3_IRQHandler            
00003267  EUSCIB0_IRQHandler            
00003267  EUSCIB1_IRQHandler            
00003267  EUSCIB2_IRQHandler            
00003267  EUSCIB3_IRQHandler            
00003267  FLCTL_A_IRQHandler            
00003267  FPU_IRQHandler                
00003267  HardFault_Handler             
00003267  LCD_F_IRQHandler              
00003267  MemManage_Handler             
00003267  NMI_Handler                   
00003267  PCM_IRQHandler                
00002431  PORT1_IRQHandler              
00002431  PORT1_IRQHandler              
00003267  PORT2_IRQHandler              
00003267  PORT3_IRQHandler              
00003267  PORT4_IRQHandler              
00003267  PORT5_IRQHandler              
00003267  PORT6_IRQHandler              
00003267  PSS_IRQHandler                
00003267  PendSV_Handler                
00003267  RTC_C_IRQHandler              
0000325b  Reset_Handler                 
00003267  SVC_Handler                   
00003267  SysTick_Handler               
20000040  SystemCoreClock               
00000f01  SystemCoreClockUpdate         
00001179  SystemInit                    
00003267  T32_INT1_IRQHandler           
00003267  T32_INT2_IRQHandler           
00003267  T32_INTC_IRQHandler           
00001a4b  TA0_0_IRQHandler              
00001a4b  TA0_0_IRQHandler              
00003267  TA0_N_IRQHandler              
00003267  TA1_0_IRQHandler              
00002a45  TA1_N_IRQHandler              
00002a45  TA1_N_IRQHandler              
00003267  TA2_0_IRQHandler              
00003267  TA2_N_IRQHandler              
00001c13  TA3_0_IRQHandler              
00001c13  TA3_0_IRQHandler              
00003267  TA3_N_IRQHandler              
00003267  UsageFault_Handler            
4000480c  WDTCTL_SYM                    
00003267  WDT_A_IRQHandler              
20040000  __STACK_END                   
00000200  __STACK_SIZE                  
000033d0  __TI_CINIT_Base               
000033e0  __TI_CINIT_Limit              
000033b8  __TI_Handler_Table_Base       
000033c4  __TI_Handler_Table_Limit      
00002fd9  __TI_auto_init_nobinit_nopinit
00002d37  __TI_decompress_lzss          
0000324d  __TI_decompress_none          
00002e5b  __TI_ltoa                     
ffffffff  __TI_pprof_out_hndl           
000000e9  __TI_printfi                  
ffffffff  __TI_prof_data_size           
ffffffff  __TI_prof_data_start          
00000000  __TI_static_base__            
0000318f  __TI_zero_init_nomemset       
00002b43  __aeabi_cdcmpeq               
00002b43  __aeabi_cdcmple               
00002bc9  __aeabi_cdrcmple              
00002f4d  __aeabi_d2iz                  
00001d07  __aeabi_dadd                  
00002285  __aeabi_ddiv                  
00002719  __aeabi_dmul                  
00001cfd  __aeabi_dsub                  
00003275  __aeabi_errno_addr            
00003141  __aeabi_i2d                   
00000b37  __aeabi_idiv0                 
00000b37  __aeabi_ldiv0                 
000031f9  __aeabi_lmul                  
00002c4f  __aeabi_memclr                
00002c4f  __aeabi_memclr4               
00002c4f  __aeabi_memclr8               
00002975  __aeabi_memcpy                
00002975  __aeabi_memcpy4               
00002975  __aeabi_memcpy8               
00002c51  __aeabi_memset                
00002c51  __aeabi_memset4               
00002c51  __aeabi_memset8               
0000316f  __aeabi_ui2d                  
00002aad  __aeabi_uldivmod              
ffffffff  __binit__                     
ffffffff  __c_args__                    
UNDEFED   __mpu_init                    
2003fe00  __stack                       
20000000  __start___llvm_prf_cnts       
20000000  __stop___llvm_prf_cnts        
000030d9  _c_int00_noargs               
00003284  _ctypes_                      
UNDEFED   _system_post_cinit            
0000327d  _system_pre_init              
00003281  abort                         
00001f3f  adcSample                     
00002f01  atoi                          
ffffffff  binit                         
00001437  clearDisplay                  
20000028  clockWise                     
20000030  clockWise2                    
00001383  commandInstruction            
0000310d  configClocks                  
0000125f  configLCD                     
00001ef9  configureADC14                
000031c7  copysign                      
000031c7  copysignl                     
00000c0f  countDown                     
20000044  curAngle                      
20000048  curState                      
2000004c  curTime                       
20000026  currentStep                   
2000002e  currentStep2                  
0000139d  dataInstruction               
20000050  debounceDone                  
000028dd  delayMicroSec                 
0000294d  delayMilliSec                 
00001ba3  disableStepperMotor           
000019d9  disableStepperMotor2          
00001b8b  enableStepperMotor            
000019bd  enableStepperMotor2           
20000034  errno                         
00002da1  frexp                         
00002da1  frexpl                        
20000054  i                             
0000205b  incrementTenDegree            
00001eb5  initADCPorts                  
000028c9  initDelayTimer                
000013b1  initLCD                       
00002005  initServoMotor                
00000b39  initState                     
00001b31  initStepperMotor              
00001961  initStepperMotor2             
00000e09  initializeAll                 
0000309d  initializeRGBLEDs             
000023bd  initializeSwitches            
000012c3  instructionDelay              
00000000  interruptVectors              
20000000  lcdText                       
00002609  ldexp                         
00002609  ldexpl                        
00002f95  main                          
000031ab  memccpy                       
00002975  memcpy                        
00002c57  memset                        
0000144d  moveCursor                    
00000c4d  moveJoystick                  
20000058  photoVal                      
2000005c  photoVal2                     
20000060  pressed                       
00001427  printChar                     
20000022  pulseWidthTicks               
20000064  record                        
00000bb5  reset                         
20000068  resetNeeded                   
2000006c  resetPressed                  
20000080  resultReady                   
00001443  returnHome                    
00002609  scalbn                        
00002609  scalbnl                       
20000070  secondTicks                   
00001c31  setDirection                  
00001a69  setDirection2                 
00001c65  setRPM                        
00001a9d  setRPM2                       
000020a9  setServoAngle                 
00001251  setupLCD                      
00002a11  setupTA1                      
00000b7d  showLost                      
00000b41  showWon                       
0000301d  sprintf                       
00001bb1  stepClockwise                 
000019e9  stepClockwise2                
00001be1  stepCounterClockwise          
00001a19  stepCounterClockwise2         
20000024  stepPeriod                    
2000002c  stepPeriod2                   
0000338d  stepperSequence               
00003385  stepperSequence2              
00003211  strchr                        
00003227  strlen                        
20000038  sysClkFreq                    
00001c4f  toggleDirection               
00001a87  toggleDirection2              
000020e1  toggleServo                   
00001483  updateDispVal                 
0000323b  wcslen                        
20000074  winTime                       
000012f1  writeInstruction              
20000078  xVal                          
2000007c  yVal                          


GLOBAL SYMBOLS: SORTED BY Symbol Address 

address   name                          
-------   ----                          
00000000  __TI_static_base__            
00000000  interruptVectors              
000000e9  __TI_printfi                  
00000200  __STACK_SIZE                  
00000b37  __aeabi_idiv0                 
00000b37  __aeabi_ldiv0                 
00000b39  initState                     
00000b41  showWon                       
00000b7d  showLost                      
00000bb5  reset                         
00000c0f  countDown                     
00000c4d  moveJoystick                  
00000e09  initializeAll                 
00000f01  SystemCoreClockUpdate         
00001179  SystemInit                    
00001251  setupLCD                      
0000125f  configLCD                     
000012c3  instructionDelay              
000012f1  writeInstruction              
00001383  commandInstruction            
0000139d  dataInstruction               
000013b1  initLCD                       
00001427  printChar                     
00001437  clearDisplay                  
00001443  returnHome                    
0000144d  moveCursor                    
00001483  updateDispVal                 
00001961  initStepperMotor2             
000019bd  enableStepperMotor2           
000019d9  disableStepperMotor2          
000019e9  stepClockwise2                
00001a19  stepCounterClockwise2         
00001a4b  TA0_0_IRQHandler              
00001a4b  TA0_0_IRQHandler              
00001a69  setDirection2                 
00001a87  toggleDirection2              
00001a9d  setRPM2                       
00001b31  initStepperMotor              
00001b8b  enableStepperMotor            
00001ba3  disableStepperMotor           
00001bb1  stepClockwise                 
00001be1  stepCounterClockwise          
00001c13  TA3_0_IRQHandler              
00001c13  TA3_0_IRQHandler              
00001c31  setDirection                  
00001c4f  toggleDirection               
00001c65  setRPM                        
00001cfd  __aeabi_dsub                  
00001d07  __aeabi_dadd                  
00001eb5  initADCPorts                  
00001ef9  configureADC14                
00001f3f  adcSample                     
00001f4b  ADC14_IRQHandler              
00001f4b  ADC14_IRQHandler              
00002005  initServoMotor                
0000205b  incrementTenDegree            
000020a9  setServoAngle                 
000020e1  toggleServo                   
00002285  __aeabi_ddiv                  
000023bd  initializeSwitches            
00002431  PORT1_IRQHandler              
00002431  PORT1_IRQHandler              
00002609  ldexp                         
00002609  ldexpl                        
00002609  scalbn                        
00002609  scalbnl                       
00002719  __aeabi_dmul                  
000028c9  initDelayTimer                
000028dd  delayMicroSec                 
0000294d  delayMilliSec                 
00002975  __aeabi_memcpy                
00002975  __aeabi_memcpy4               
00002975  __aeabi_memcpy8               
00002975  memcpy                        
00002a11  setupTA1                      
00002a45  TA1_N_IRQHandler              
00002a45  TA1_N_IRQHandler              
00002aad  __aeabi_uldivmod              
00002b43  __aeabi_cdcmpeq               
00002b43  __aeabi_cdcmple               
00002bc9  __aeabi_cdrcmple              
00002c4f  __aeabi_memclr                
00002c4f  __aeabi_memclr4               
00002c4f  __aeabi_memclr8               
00002c51  __aeabi_memset                
00002c51  __aeabi_memset4               
00002c51  __aeabi_memset8               
00002c57  memset                        
00002d37  __TI_decompress_lzss          
00002da1  frexp                         
00002da1  frexpl                        
00002e5b  __TI_ltoa                     
00002f01  atoi                          
00002f4d  __aeabi_d2iz                  
00002f95  main                          
00002fd9  __TI_auto_init_nobinit_nopinit
0000301d  sprintf                       
0000309d  initializeRGBLEDs             
000030d9  _c_int00_noargs               
0000310d  configClocks                  
00003141  __aeabi_i2d                   
0000316f  __aeabi_ui2d                  
0000318f  __TI_zero_init_nomemset       
000031ab  memccpy                       
000031c7  copysign                      
000031c7  copysignl                     
000031f9  __aeabi_lmul                  
00003211  strchr                        
00003227  strlen                        
0000323b  wcslen                        
0000324d  __TI_decompress_none          
0000325b  Reset_Handler                 
00003267  AES256_IRQHandler             
00003267  BusFault_Handler              
00003267  COMP_E0_IRQHandler            
00003267  COMP_E1_IRQHandler            
00003267  CS_IRQHandler                 
00003267  DMA_ERR_IRQHandler            
00003267  DMA_INT0_IRQHandler           
00003267  DMA_INT1_IRQHandler           
00003267  DMA_INT2_IRQHandler           
00003267  DMA_INT3_IRQHandler           
00003267  DebugMon_Handler              
00003267  Default_Handler               
00003267  EUSCIA0_IRQHandler            
00003267  EUSCIA1_IRQHandler            
00003267  EUSCIA2_IRQHandler            
00003267  EUSCIA3_IRQHandler            
00003267  EUSCIB0_IRQHandler            
00003267  EUSCIB1_IRQHandler            
00003267  EUSCIB2_IRQHandler            
00003267  EUSCIB3_IRQHandler            
00003267  FLCTL_A_IRQHandler            
00003267  FPU_IRQHandler                
00003267  HardFault_Handler             
00003267  LCD_F_IRQHandler              
00003267  MemManage_Handler             
00003267  NMI_Handler                   
00003267  PCM_IRQHandler                
00003267  PORT2_IRQHandler              
00003267  PORT3_IRQHandler              
00003267  PORT4_IRQHandler              
00003267  PORT5_IRQHandler              
00003267  PORT6_IRQHandler              
00003267  PSS_IRQHandler                
00003267  PendSV_Handler                
00003267  RTC_C_IRQHandler              
00003267  SVC_Handler                   
00003267  SysTick_Handler               
00003267  T32_INT1_IRQHandler           
00003267  T32_INT2_IRQHandler           
00003267  T32_INTC_IRQHandler           
00003267  TA0_N_IRQHandler              
00003267  TA1_0_IRQHandler              
00003267  TA2_0_IRQHandler              
00003267  TA2_N_IRQHandler              
00003267  TA3_N_IRQHandler              
00003267  UsageFault_Handler            
00003267  WDT_A_IRQHandler              
00003275  __aeabi_errno_addr            
0000327d  _system_pre_init              
00003281  C$$EXIT                       
00003281  abort                         
00003284  _ctypes_                      
00003385  stepperSequence2              
0000338d  stepperSequence               
000033b8  __TI_Handler_Table_Base       
000033c4  __TI_Handler_Table_Limit      
000033d0  __TI_CINIT_Base               
000033e0  __TI_CINIT_Limit              
20000000  __start___llvm_prf_cnts       
20000000  __stop___llvm_prf_cnts        
20000000  lcdText                       
20000022  pulseWidthTicks               
20000024  stepPeriod                    
20000026  currentStep                   
20000028  clockWise                     
2000002c  stepPeriod2                   
2000002e  currentStep2                  
20000030  clockWise2                    
20000034  errno                         
20000038  sysClkFreq                    
20000040  SystemCoreClock               
20000044  curAngle                      
20000048  curState                      
2000004c  curTime                       
20000050  debounceDone                  
20000054  i                             
20000058  photoVal                      
2000005c  photoVal2                     
20000060  pressed                       
20000064  record                        
20000068  resetNeeded                   
2000006c  resetPressed                  
20000070  secondTicks                   
20000074  winTime                       
20000078  xVal                          
2000007c  yVal                          
20000080  resultReady                   
2003fe00  __stack                       
20040000  __STACK_END                   
4000480c  WDTCTL_SYM                    
ffffffff  __TI_pprof_out_hndl           
ffffffff  __TI_prof_data_size           
ffffffff  __TI_prof_data_start          
ffffffff  __binit__                     
ffffffff  __c_args__                    
ffffffff  binit                         
UNDEFED   __mpu_init                    
UNDEFED   _system_post_cinit            

[210 symbols]
