<?xml version="1.0" encoding="ISO-8859-1" ?>
<link_info>
   <banner>TI ARM Linker PC v20.2.7.LTS</banner>
   <copyright>Copyright (c) 1996-2018 Texas Instruments Incorporated</copyright>
   <link_time>0x63f024c0</link_time>
   <link_errors>0x0</link_errors>
   <output_file>TermProjectFinal.out</output_file>
   <entry_point>
      <name>_c_int00_noargs</name>
      <address>0x30dd</address>
   </entry_point>
   <input_file_list>
      <input_file id="fl-2">
         <path>.\</path>
         <kind>object</kind>
         <file>ClawGame.obj</file>
         <name>ClawGame.obj</name>
      </input_file>
      <input_file id="fl-3">
         <path>.\</path>
         <kind>object</kind>
         <file>adc.obj</file>
         <name>adc.obj</name>
      </input_file>
      <input_file id="fl-4">
         <path>.\</path>
         <kind>object</kind>
         <file>clocks.obj</file>
         <name>clocks.obj</name>
      </input_file>
      <input_file id="fl-5">
         <path>.\</path>
         <kind>object</kind>
         <file>lcd.obj</file>
         <name>lcd.obj</name>
      </input_file>
      <input_file id="fl-6">
         <path>.\</path>
         <kind>object</kind>
         <file>led.obj</file>
         <name>led.obj</name>
      </input_file>
      <input_file id="fl-7">
         <path>.\</path>
         <kind>object</kind>
         <file>servoDriver.obj</file>
         <name>servoDriver.obj</name>
      </input_file>
      <input_file id="fl-8">
         <path>.\</path>
         <kind>object</kind>
         <file>startup_msp432p4111_ccs.obj</file>
         <name>startup_msp432p4111_ccs.obj</name>
      </input_file>
      <input_file id="fl-9">
         <path>.\</path>
         <kind>object</kind>
         <file>stateMachine.obj</file>
         <name>stateMachine.obj</name>
      </input_file>
      <input_file id="fl-a">
         <path>.\</path>
         <kind>object</kind>
         <file>stepperMotor.obj</file>
         <name>stepperMotor.obj</name>
      </input_file>
      <input_file id="fl-b">
         <path>.\</path>
         <kind>object</kind>
         <file>stepperMotor2.obj</file>
         <name>stepperMotor2.obj</name>
      </input_file>
      <input_file id="fl-c">
         <path>.\</path>
         <kind>object</kind>
         <file>sw.obj</file>
         <name>sw.obj</name>
      </input_file>
      <input_file id="fl-d">
         <path>.\</path>
         <kind>object</kind>
         <file>sysTickDelays.obj</file>
         <name>sysTickDelays.obj</name>
      </input_file>
      <input_file id="fl-e">
         <path>.\</path>
         <kind>object</kind>
         <file>system_msp432p4111.obj</file>
         <name>system_msp432p4111.obj</name>
      </input_file>
      <input_file id="fl-f">
         <path>.\</path>
         <kind>object</kind>
         <file>ta1.obj</file>
         <name>ta1.obj</name>
      </input_file>
      <input_file id="fl-13">
         <kind>object</kind>
         <file>&lt;internal&gt;</file>
         <name>&lt;internal&gt;</name>
      </input_file>
      <input_file id="fl-c9">
         <path>C:\ti\ccs1210\ccs\tools\compiler\ti-cgt-arm_20.2.7.LTS\lib\</path>
         <kind>archive</kind>
         <file>rtsv7M4_T_le_v4SPD16_eabi.lib</file>
         <name>sprintf.c.obj</name>
      </input_file>
      <input_file id="fl-ca">
         <path>C:\ti\ccs1210\ccs\tools\compiler\ti-cgt-arm_20.2.7.LTS\lib\</path>
         <kind>archive</kind>
         <file>rtsv7M4_T_le_v4SPD16_eabi.lib</file>
         <name>fd_add_t2.asm.obj</name>
      </input_file>
      <input_file id="fl-cb">
         <path>C:\ti\ccs1210\ccs\tools\compiler\ti-cgt-arm_20.2.7.LTS\lib\</path>
         <kind>archive</kind>
         <file>rtsv7M4_T_le_v4SPD16_eabi.lib</file>
         <name>fd_div_t2.asm.obj</name>
      </input_file>
      <input_file id="fl-cc">
         <path>C:\ti\ccs1210\ccs\tools\compiler\ti-cgt-arm_20.2.7.LTS\lib\</path>
         <kind>archive</kind>
         <file>rtsv7M4_T_le_v4SPD16_eabi.lib</file>
         <name>fd_mul_t2.asm.obj</name>
      </input_file>
      <input_file id="fl-cd">
         <path>C:\ti\ccs1210\ccs\tools\compiler\ti-cgt-arm_20.2.7.LTS\lib\</path>
         <kind>archive</kind>
         <file>rtsv7M4_T_le_v4SPD16_eabi.lib</file>
         <name>fd_toi_t2.asm.obj</name>
      </input_file>
      <input_file id="fl-ce">
         <path>C:\ti\ccs1210\ccs\tools\compiler\ti-cgt-arm_20.2.7.LTS\lib\</path>
         <kind>archive</kind>
         <file>rtsv7M4_T_le_v4SPD16_eabi.lib</file>
         <name>i_tofd_t2.asm.obj</name>
      </input_file>
      <input_file id="fl-cf">
         <path>C:\ti\ccs1210\ccs\tools\compiler\ti-cgt-arm_20.2.7.LTS\lib\</path>
         <kind>archive</kind>
         <file>rtsv7M4_T_le_v4SPD16_eabi.lib</file>
         <name>ll_mul_t2.asm.obj</name>
      </input_file>
      <input_file id="fl-d0">
         <path>C:\ti\ccs1210\ccs\tools\compiler\ti-cgt-arm_20.2.7.LTS\lib\</path>
         <kind>archive</kind>
         <file>rtsv7M4_T_le_v4SPD16_eabi.lib</file>
         <name>memcpy_t2.asm.obj</name>
      </input_file>
      <input_file id="fl-d1">
         <path>C:\ti\ccs1210\ccs\tools\compiler\ti-cgt-arm_20.2.7.LTS\lib\</path>
         <kind>archive</kind>
         <file>rtsv7M4_T_le_v4SPD16_eabi.lib</file>
         <name>u_tofd_t2.asm.obj</name>
      </input_file>
      <input_file id="fl-d2">
         <path>C:\ti\ccs1210\ccs\tools\compiler\ti-cgt-arm_20.2.7.LTS\lib\</path>
         <kind>archive</kind>
         <file>rtsv7M4_T_le_v4SPD16_eabi.lib</file>
         <name>ull_div_t2.asm.obj</name>
      </input_file>
      <input_file id="fl-d3">
         <path>C:\ti\ccs1210\ccs\tools\compiler\ti-cgt-arm_20.2.7.LTS\lib\</path>
         <kind>archive</kind>
         <file>rtsv7M4_T_le_v4SPD16_eabi.lib</file>
         <name>copy_zero_init.c.obj</name>
      </input_file>
      <input_file id="fl-d4">
         <path>C:\ti\ccs1210\ccs\tools\compiler\ti-cgt-arm_20.2.7.LTS\lib\</path>
         <kind>archive</kind>
         <file>rtsv7M4_T_le_v4SPD16_eabi.lib</file>
         <name>copy_decompress_none.c.obj</name>
      </input_file>
      <input_file id="fl-d5">
         <path>C:\ti\ccs1210\ccs\tools\compiler\ti-cgt-arm_20.2.7.LTS\lib\</path>
         <kind>archive</kind>
         <file>rtsv7M4_T_le_v4SPD16_eabi.lib</file>
         <name>copy_decompress_lzss.c.obj</name>
      </input_file>
      <input_file id="fl-d6">
         <path>C:\ti\ccs1210\ccs\tools\compiler\ti-cgt-arm_20.2.7.LTS\lib\</path>
         <kind>archive</kind>
         <file>rtsv7M4_T_le_v4SPD16_eabi.lib</file>
         <name>boot_cortex_m.c.obj</name>
      </input_file>
      <input_file id="fl-d7">
         <path>C:\ti\ccs1210\ccs\tools\compiler\ti-cgt-arm_20.2.7.LTS\lib\</path>
         <kind>archive</kind>
         <file>rtsv7M4_T_le_v4SPD16_eabi.lib</file>
         <name>_printfi.c.obj</name>
      </input_file>
      <input_file id="fl-d8">
         <path>C:\ti\ccs1210\ccs\tools\compiler\ti-cgt-arm_20.2.7.LTS\lib\</path>
         <kind>archive</kind>
         <file>rtsv7M4_T_le_v4SPD16_eabi.lib</file>
         <name>div0.asm.obj</name>
      </input_file>
      <input_file id="fl-d9">
         <path>C:\ti\ccs1210\ccs\tools\compiler\ti-cgt-arm_20.2.7.LTS\lib\</path>
         <kind>archive</kind>
         <file>rtsv7M4_T_le_v4SPD16_eabi.lib</file>
         <name>fd_cmp_t2.asm.obj</name>
      </input_file>
      <input_file id="fl-da">
         <path>C:\ti\ccs1210\ccs\tools\compiler\ti-cgt-arm_20.2.7.LTS\lib\</path>
         <kind>archive</kind>
         <file>rtsv7M4_T_le_v4SPD16_eabi.lib</file>
         <name>memset_t2.asm.obj</name>
      </input_file>
      <input_file id="fl-db">
         <path>C:\ti\ccs1210\ccs\tools\compiler\ti-cgt-arm_20.2.7.LTS\lib\</path>
         <kind>archive</kind>
         <file>rtsv7M4_T_le_v4SPD16_eabi.lib</file>
         <name>autoinit.c.obj</name>
      </input_file>
      <input_file id="fl-dc">
         <path>C:\ti\ccs1210\ccs\tools\compiler\ti-cgt-arm_20.2.7.LTS\lib\</path>
         <kind>archive</kind>
         <file>rtsv7M4_T_le_v4SPD16_eabi.lib</file>
         <name>pre_init.c.obj</name>
      </input_file>
      <input_file id="fl-dd">
         <path>C:\ti\ccs1210\ccs\tools\compiler\ti-cgt-arm_20.2.7.LTS\lib\</path>
         <kind>archive</kind>
         <file>rtsv7M4_T_le_v4SPD16_eabi.lib</file>
         <name>cpy_tbl.c.obj</name>
      </input_file>
      <input_file id="fl-de">
         <path>C:\ti\ccs1210\ccs\tools\compiler\ti-cgt-arm_20.2.7.LTS\lib\</path>
         <kind>archive</kind>
         <file>rtsv7M4_T_le_v4SPD16_eabi.lib</file>
         <name>exit.c.obj</name>
      </input_file>
      <input_file id="fl-df">
         <path>C:\ti\ccs1210\ccs\tools\compiler\ti-cgt-arm_20.2.7.LTS\lib\</path>
         <kind>archive</kind>
         <file>rtsv7M4_T_le_v4SPD16_eabi.lib</file>
         <name>_lock.c.obj</name>
      </input_file>
      <input_file id="fl-e0">
         <path>C:\ti\ccs1210\ccs\tools\compiler\ti-cgt-arm_20.2.7.LTS\lib\</path>
         <kind>archive</kind>
         <file>rtsv7M4_T_le_v4SPD16_eabi.lib</file>
         <name>_ltoa.c.obj</name>
      </input_file>
      <input_file id="fl-e1">
         <path>C:\ti\ccs1210\ccs\tools\compiler\ti-cgt-arm_20.2.7.LTS\lib\</path>
         <kind>archive</kind>
         <file>rtsv7M4_T_le_v4SPD16_eabi.lib</file>
         <name>args_main.c.obj</name>
      </input_file>
      <input_file id="fl-e2">
         <path>C:\ti\ccs1210\ccs\tools\compiler\ti-cgt-arm_20.2.7.LTS\lib\</path>
         <kind>archive</kind>
         <file>rtsv7M4_T_le_v4SPD16_eabi.lib</file>
         <name>atoi.c.obj</name>
      </input_file>
      <input_file id="fl-e3">
         <path>C:\ti\ccs1210\ccs\tools\compiler\ti-cgt-arm_20.2.7.LTS\lib\</path>
         <kind>archive</kind>
         <file>rtsv7M4_T_le_v4SPD16_eabi.lib</file>
         <name>ctype.c.obj</name>
      </input_file>
      <input_file id="fl-e4">
         <path>C:\ti\ccs1210\ccs\tools\compiler\ti-cgt-arm_20.2.7.LTS\lib\</path>
         <kind>archive</kind>
         <file>rtsv7M4_T_le_v4SPD16_eabi.lib</file>
         <name>memccpy.c.obj</name>
      </input_file>
      <input_file id="fl-e5">
         <path>C:\ti\ccs1210\ccs\tools\compiler\ti-cgt-arm_20.2.7.LTS\lib\</path>
         <kind>archive</kind>
         <file>rtsv7M4_T_le_v4SPD16_eabi.lib</file>
         <name>strchr.c.obj</name>
      </input_file>
      <input_file id="fl-e6">
         <path>C:\ti\ccs1210\ccs\tools\compiler\ti-cgt-arm_20.2.7.LTS\lib\</path>
         <kind>archive</kind>
         <file>rtsv7M4_T_le_v4SPD16_eabi.lib</file>
         <name>strlen.c.obj</name>
      </input_file>
      <input_file id="fl-e7">
         <path>C:\ti\ccs1210\ccs\tools\compiler\ti-cgt-arm_20.2.7.LTS\lib\</path>
         <kind>archive</kind>
         <file>rtsv7M4_T_le_v4SPD16_eabi.lib</file>
         <name>errno.c.obj</name>
      </input_file>
      <input_file id="fl-e8">
         <path>C:\ti\ccs1210\ccs\tools\compiler\ti-cgt-arm_20.2.7.LTS\lib\</path>
         <kind>archive</kind>
         <file>rtsv7M4_T_le_v4SPD16_eabi.lib</file>
         <name>wcslen.c.obj</name>
      </input_file>
      <input_file id="fl-e9">
         <path>C:\ti\ccs1210\ccs\tools\compiler\ti-cgt-arm_20.2.7.LTS\lib\</path>
         <kind>archive</kind>
         <file>rtsv7M4_T_le_v4SPD16_eabi.lib</file>
         <name>s_frexp.c.obj</name>
      </input_file>
      <input_file id="fl-ea">
         <path>C:\ti\ccs1210\ccs\tools\compiler\ti-cgt-arm_20.2.7.LTS\lib\</path>
         <kind>archive</kind>
         <file>rtsv7M4_T_le_v4SPD16_eabi.lib</file>
         <name>s_scalbn.c.obj</name>
      </input_file>
      <input_file id="fl-eb">
         <path>C:\ti\ccs1210\ccs\tools\compiler\ti-cgt-arm_20.2.7.LTS\lib\</path>
         <kind>archive</kind>
         <file>rtsv7M4_T_le_v4SPD16_eabi.lib</file>
         <name>s_copysign.c.obj</name>
      </input_file>
   </input_file_list>
   <object_component_list>
      <object_component id="oc-26">
         <name>.intvecs:retain</name>
         <load_address>0x0</load_address>
         <run_address>0x0</run_address>
         <size>0xe8</size>
         <input_file_ref idref="fl-8"/>
      </object_component>
      <object_component id="oc-1f6">
         <name>.text:__TI_printfi</name>
         <load_address>0xe8</load_address>
         <run_address>0xe8</run_address>
         <size>0xa4e</size>
         <input_file_ref idref="fl-d7"/>
      </object_component>
      <object_component id="oc-311">
         <name>.text</name>
         <load_address>0xb36</load_address>
         <run_address>0xb36</run_address>
         <size>0x2</size>
         <input_file_ref idref="fl-d8"/>
      </object_component>
      <object_component id="oc-123">
         <name>.text</name>
         <load_address>0xb38</load_address>
         <run_address>0xb38</run_address>
         <size>0x3cc</size>
         <input_file_ref idref="fl-9"/>
      </object_component>
      <object_component id="oc-c3">
         <name>.text</name>
         <load_address>0xf04</load_address>
         <run_address>0xf04</run_address>
         <size>0x350</size>
         <input_file_ref idref="fl-e"/>
      </object_component>
      <object_component id="oc-1ae">
         <name>.text</name>
         <load_address>0x1254</load_address>
         <run_address>0x1254</run_address>
         <size>0x2d0</size>
         <input_file_ref idref="fl-5"/>
      </object_component>
      <object_component id="oc-268">
         <name>.text:_pconv_a</name>
         <load_address>0x1524</load_address>
         <run_address>0x1524</run_address>
         <size>0x270</size>
         <input_file_ref idref="fl-d7"/>
      </object_component>
      <object_component id="oc-256">
         <name>.text:_pconv_g</name>
         <load_address>0x1794</load_address>
         <run_address>0x1794</run_address>
         <size>0x1d0</size>
         <input_file_ref idref="fl-d7"/>
      </object_component>
      <object_component id="oc-6d">
         <name>.text</name>
         <load_address>0x1964</load_address>
         <run_address>0x1964</run_address>
         <size>0x1d0</size>
         <input_file_ref idref="fl-b"/>
      </object_component>
      <object_component id="oc-79">
         <name>.text</name>
         <load_address>0x1b34</load_address>
         <run_address>0x1b34</run_address>
         <size>0x1cc</size>
         <input_file_ref idref="fl-a"/>
      </object_component>
      <object_component id="oc-197">
         <name>.text</name>
         <load_address>0x1d00</load_address>
         <run_address>0x1d00</run_address>
         <size>0x1b6</size>
         <input_file_ref idref="fl-ca"/>
      </object_component>
      <object_component id="oc-7f">
         <name>.text</name>
         <load_address>0x1eb8</load_address>
         <run_address>0x1eb8</run_address>
         <size>0x150</size>
         <input_file_ref idref="fl-3"/>
      </object_component>
      <object_component id="oc-fb">
         <name>.text</name>
         <load_address>0x2008</load_address>
         <run_address>0x2008</run_address>
         <size>0x144</size>
         <input_file_ref idref="fl-7"/>
      </object_component>
      <object_component id="oc-262">
         <name>.text:_pconv_e</name>
         <load_address>0x214c</load_address>
         <run_address>0x214c</run_address>
         <size>0x13c</size>
         <input_file_ref idref="fl-d7"/>
      </object_component>
      <object_component id="oc-cf">
         <name>.text</name>
         <load_address>0x2288</load_address>
         <run_address>0x2288</run_address>
         <size>0x136</size>
         <input_file_ref idref="fl-cb"/>
      </object_component>
      <object_component id="oc-85">
         <name>.text</name>
         <load_address>0x23c0</load_address>
         <run_address>0x23c0</run_address>
         <size>0x128</size>
         <input_file_ref idref="fl-c"/>
      </object_component>
      <object_component id="oc-2d0">
         <name>.text:fcvt</name>
         <load_address>0x24e8</load_address>
         <run_address>0x24e8</run_address>
         <size>0x124</size>
         <input_file_ref idref="fl-d7"/>
      </object_component>
      <object_component id="oc-2e4">
         <name>.text:scalbn</name>
         <load_address>0x260c</load_address>
         <run_address>0x260c</run_address>
         <size>0x110</size>
         <input_file_ref idref="fl-ea"/>
      </object_component>
      <object_component id="oc-ca">
         <name>.text</name>
         <load_address>0x271c</load_address>
         <run_address>0x271c</run_address>
         <size>0xfc</size>
         <input_file_ref idref="fl-cc"/>
      </object_component>
      <object_component id="oc-24b">
         <name>.text:_ltostr</name>
         <load_address>0x2818</load_address>
         <run_address>0x2818</run_address>
         <size>0xb1</size>
         <input_file_ref idref="fl-d7"/>
      </object_component>
      <object_component id="oc-20f">
         <name>.text</name>
         <load_address>0x28cc</load_address>
         <run_address>0x28cc</run_address>
         <size>0xac</size>
         <input_file_ref idref="fl-d"/>
      </object_component>
      <object_component id="oc-37">
         <name>.text</name>
         <load_address>0x2978</load_address>
         <run_address>0x2978</run_address>
         <size>0x9c</size>
         <input_file_ref idref="fl-d0"/>
      </object_component>
      <object_component id="oc-73">
         <name>.text</name>
         <load_address>0x2a14</load_address>
         <run_address>0x2a14</run_address>
         <size>0x9c</size>
         <input_file_ref idref="fl-f"/>
      </object_component>
      <object_component id="oc-295">
         <name>.text</name>
         <load_address>0x2ab0</load_address>
         <run_address>0x2ab0</run_address>
         <size>0x96</size>
         <input_file_ref idref="fl-d2"/>
      </object_component>
      <object_component id="oc-251">
         <name>.text:__aeabi_cdcmple</name>
         <load_address>0x2b46</load_address>
         <run_address>0x2b46</run_address>
         <size>0x86</size>
         <input_file_ref idref="fl-d9"/>
      </object_component>
      <object_component id="oc-2b8">
         <name>.text:__aeabi_cdrcmple</name>
         <load_address>0x2bcc</load_address>
         <run_address>0x2bcc</run_address>
         <size>0x86</size>
         <input_file_ref idref="fl-d9"/>
      </object_component>
      <object_component id="oc-a5">
         <name>.text</name>
         <load_address>0x2c52</load_address>
         <run_address>0x2c52</run_address>
         <size>0x7a</size>
         <input_file_ref idref="fl-da"/>
      </object_component>
      <object_component id="oc-2c9">
         <name>.text:_mcpy</name>
         <load_address>0x2ccc</load_address>
         <run_address>0x2ccc</run_address>
         <size>0x6e</size>
         <input_file_ref idref="fl-d7"/>
      </object_component>
      <object_component id="oc-17">
         <name>.text:decompress:lzss:__TI_decompress_lzss</name>
         <load_address>0x2d3a</load_address>
         <run_address>0x2d3a</run_address>
         <size>0x68</size>
         <input_file_ref idref="fl-d5"/>
      </object_component>
      <object_component id="oc-2de">
         <name>.text:frexp</name>
         <load_address>0x2da4</load_address>
         <run_address>0x2da4</run_address>
         <size>0x64</size>
         <input_file_ref idref="fl-e9"/>
      </object_component>
      <object_component id="oc-25c">
         <name>.text:_pconv_f</name>
         <load_address>0x2e08</load_address>
         <run_address>0x2e08</run_address>
         <size>0x56</size>
         <input_file_ref idref="fl-d7"/>
      </object_component>
      <object_component id="oc-2bd">
         <name>.text:__TI_ltoa</name>
         <load_address>0x2e5e</load_address>
         <run_address>0x2e5e</run_address>
         <size>0x54</size>
         <input_file_ref idref="fl-e0"/>
      </object_component>
      <object_component id="oc-2c3">
         <name>.text:_ecpy</name>
         <load_address>0x2eb2</load_address>
         <run_address>0x2eb2</run_address>
         <size>0x52</size>
         <input_file_ref idref="fl-d7"/>
      </object_component>
      <object_component id="oc-245">
         <name>.text:atoi</name>
         <load_address>0x2f04</load_address>
         <run_address>0x2f04</run_address>
         <size>0x4c</size>
         <input_file_ref idref="fl-e2"/>
      </object_component>
      <object_component id="oc-d4">
         <name>.text</name>
         <load_address>0x2f50</load_address>
         <run_address>0x2f50</run_address>
         <size>0x48</size>
         <input_file_ref idref="fl-cd"/>
      </object_component>
      <object_component id="oc-b1">
         <name>.text</name>
         <load_address>0x2f98</load_address>
         <run_address>0x2f98</run_address>
         <size>0x44</size>
         <input_file_ref idref="fl-2"/>
      </object_component>
      <object_component id="oc-136">
         <name>.text:__TI_auto_init_nobinit_nopinit:__TI_auto_init_nobinit_nopinit</name>
         <load_address>0x2fdc</load_address>
         <run_address>0x2fdc</run_address>
         <size>0x44</size>
         <input_file_ref idref="fl-db"/>
      </object_component>
      <object_component id="oc-1a8">
         <name>.text:sprintf</name>
         <load_address>0x3020</load_address>
         <run_address>0x3020</run_address>
         <size>0x40</size>
         <input_file_ref idref="fl-c9"/>
      </object_component>
      <object_component id="oc-2d6">
         <name>.text:_fcpy</name>
         <load_address>0x3060</load_address>
         <run_address>0x3060</run_address>
         <size>0x3e</size>
         <input_file_ref idref="fl-d7"/>
      </object_component>
      <object_component id="oc-1c3">
         <name>.text</name>
         <load_address>0x30a0</load_address>
         <run_address>0x30a0</run_address>
         <size>0x3c</size>
         <input_file_ref idref="fl-6"/>
      </object_component>
      <object_component id="oc-55">
         <name>.text:_c_int00_noargs:_c_int00_noargs</name>
         <load_address>0x30dc</load_address>
         <run_address>0x30dc</run_address>
         <size>0x34</size>
         <input_file_ref idref="fl-d6"/>
      </object_component>
      <object_component id="oc-1bd">
         <name>.text</name>
         <load_address>0x3110</load_address>
         <run_address>0x3110</run_address>
         <size>0x34</size>
         <input_file_ref idref="fl-4"/>
      </object_component>
      <object_component id="oc-1b4">
         <name>.text</name>
         <load_address>0x3144</load_address>
         <run_address>0x3144</run_address>
         <size>0x2e</size>
         <input_file_ref idref="fl-ce"/>
      </object_component>
      <object_component id="oc-192">
         <name>.text</name>
         <load_address>0x3172</load_address>
         <run_address>0x3172</run_address>
         <size>0x20</size>
         <input_file_ref idref="fl-d1"/>
      </object_component>
      <object_component id="oc-43">
         <name>.text:decompress:ZI:__TI_zero_init_nomemset:__TI_zero_init_nomemset</name>
         <load_address>0x3192</load_address>
         <run_address>0x3192</run_address>
         <size>0x1c</size>
         <input_file_ref idref="fl-d3"/>
      </object_component>
      <object_component id="oc-26e">
         <name>.text:memccpy</name>
         <load_address>0x31ae</load_address>
         <run_address>0x31ae</run_address>
         <size>0x1c</size>
         <input_file_ref idref="fl-e4"/>
      </object_component>
      <object_component id="oc-32e">
         <name>.text:copysign</name>
         <load_address>0x31ca</load_address>
         <run_address>0x31ca</run_address>
         <size>0x1a</size>
         <input_file_ref idref="fl-eb"/>
      </object_component>
      <object_component id="oc-1fc">
         <name>.text:_outs</name>
         <load_address>0x31e4</load_address>
         <run_address>0x31e4</run_address>
         <size>0x18</size>
         <input_file_ref idref="fl-c9"/>
      </object_component>
      <object_component id="oc-290">
         <name>.text</name>
         <load_address>0x31fc</load_address>
         <run_address>0x31fc</run_address>
         <size>0x18</size>
         <input_file_ref idref="fl-cf"/>
      </object_component>
      <object_component id="oc-2ea">
         <name>.text:strchr</name>
         <load_address>0x3214</load_address>
         <run_address>0x3214</run_address>
         <size>0x16</size>
         <input_file_ref idref="fl-e5"/>
      </object_component>
      <object_component id="oc-23f">
         <name>.text:strlen</name>
         <load_address>0x322a</load_address>
         <run_address>0x322a</run_address>
         <size>0x14</size>
         <input_file_ref idref="fl-e6"/>
      </object_component>
      <object_component id="oc-274">
         <name>.text:wcslen</name>
         <load_address>0x323e</load_address>
         <run_address>0x323e</run_address>
         <size>0x12</size>
         <input_file_ref idref="fl-e8"/>
      </object_component>
      <object_component id="oc-1d">
         <name>.text:decompress:none:__TI_decompress_none</name>
         <load_address>0x3250</load_address>
         <run_address>0x3250</run_address>
         <size>0xe</size>
         <input_file_ref idref="fl-d4"/>
      </object_component>
      <object_component id="oc-67">
         <name>.text</name>
         <load_address>0x325e</load_address>
         <run_address>0x325e</run_address>
         <size>0xe</size>
         <input_file_ref idref="fl-8"/>
      </object_component>
      <object_component id="oc-202">
         <name>.text:_outc</name>
         <load_address>0x326c</load_address>
         <run_address>0x326c</run_address>
         <size>0xa</size>
         <input_file_ref idref="fl-c9"/>
      </object_component>
      <object_component id="oc-27a">
         <name>.text:__aeabi_errno_addr</name>
         <load_address>0x3278</load_address>
         <run_address>0x3278</run_address>
         <size>0x8</size>
         <input_file_ref idref="fl-e7"/>
      </object_component>
      <object_component id="oc-ab">
         <name>.text:_system_pre_init</name>
         <load_address>0x3280</load_address>
         <run_address>0x3280</run_address>
         <size>0x4</size>
         <input_file_ref idref="fl-dc"/>
      </object_component>
      <object_component id="oc-12a">
         <name>.text:abort:abort</name>
         <load_address>0x3284</load_address>
         <run_address>0x3284</run_address>
         <size>0x4</size>
         <input_file_ref idref="fl-de"/>
      </object_component>
      <object_component id="oc-2b1">
         <name>.const:.string:_ctypes_</name>
         <load_address>0x3288</load_address>
         <run_address>0x3288</run_address>
         <size>0x101</size>
         <input_file_ref idref="fl-e3"/>
      </object_component>
      <object_component id="oc-dc">
         <name>.const:.string:stepperSequence2</name>
         <load_address>0x3389</load_address>
         <run_address>0x3389</run_address>
         <size>0x8</size>
         <input_file_ref idref="fl-b"/>
      </object_component>
      <object_component id="oc-ef">
         <name>.const:.string:stepperSequence</name>
         <load_address>0x3391</load_address>
         <run_address>0x3391</run_address>
         <size>0x8</size>
         <input_file_ref idref="fl-a"/>
      </object_component>
      <object_component id="oc-38c">
         <name>.cinit..data.load</name>
         <load_address>0x33a0</load_address>
         <run_address>0x33a0</run_address>
         <size>0x20</size>
      </object_component>
      <object_component id="oc-38a">
         <name>__TI_handler_table</name>
         <load_address>0x33c0</load_address>
         <run_address>0x33c0</run_address>
         <size>0xc</size>
      </object_component>
      <object_component id="oc-38d">
         <name>.cinit..bss.load</name>
         <load_address>0x33d0</load_address>
         <run_address>0x33d0</run_address>
         <size>0x8</size>
      </object_component>
      <object_component id="oc-38b">
         <name>__TI_cinit_table</name>
         <load_address>0x33d8</load_address>
         <run_address>0x33d8</run_address>
         <size>0x10</size>
      </object_component>
      <object_component id="oc-35e">
         <name>.binit</name>
         <load_address>0x0</load_address>
         <run_address>0x0</run_address>
         <size>0x0</size>
      </object_component>
      <object_component id="oc-19c">
         <name>.data</name>
         <load_address>0x20000022</load_address>
         <run_address>0x20000022</run_address>
         <size>0x2</size>
         <input_file_ref idref="fl-7"/>
      </object_component>
      <object_component id="oc-1ba">
         <name>.data:lcdText</name>
         <load_address>0x20000000</load_address>
         <run_address>0x20000000</run_address>
         <size>0x21</size>
         <input_file_ref idref="fl-9"/>
      </object_component>
      <object_component id="oc-ec">
         <name>.data</name>
         <load_address>0x20000024</load_address>
         <run_address>0x20000024</run_address>
         <size>0x8</size>
         <input_file_ref idref="fl-a"/>
      </object_component>
      <object_component id="oc-d9">
         <name>.data</name>
         <load_address>0x2000002c</load_address>
         <run_address>0x2000002c</run_address>
         <size>0x8</size>
         <input_file_ref idref="fl-b"/>
      </object_component>
      <object_component id="oc-29a">
         <name>.data</name>
         <load_address>0x20000038</load_address>
         <run_address>0x20000038</run_address>
         <size>0x8</size>
         <input_file_ref idref="fl-d"/>
      </object_component>
      <object_component id="oc-168">
         <name>.data</name>
         <load_address>0x20000040</load_address>
         <run_address>0x20000040</run_address>
         <size>0x4</size>
         <input_file_ref idref="fl-e"/>
      </object_component>
      <object_component id="oc-2fa">
         <name>.data</name>
         <load_address>0x20000034</load_address>
         <run_address>0x20000034</run_address>
         <size>0x4</size>
         <input_file_ref idref="fl-e7"/>
      </object_component>
      <object_component id="oc-e0">
         <name>.common:record</name>
         <uninitialized>true</uninitialized>
         <run_address>0x20000064</run_address>
         <size>0x4</size>
      </object_component>
      <object_component id="oc-ea">
         <name>.common:secondTicks</name>
         <uninitialized>true</uninitialized>
         <run_address>0x20000070</run_address>
         <size>0x4</size>
      </object_component>
      <object_component id="oc-e9">
         <name>.common:curTime</name>
         <uninitialized>true</uninitialized>
         <run_address>0x2000004c</run_address>
         <size>0x4</size>
      </object_component>
      <object_component id="oc-215">
         <name>.common:i</name>
         <uninitialized>true</uninitialized>
         <run_address>0x20000054</run_address>
         <size>0x4</size>
      </object_component>
      <object_component id="oc-f8">
         <name>.common:xVal</name>
         <uninitialized>true</uninitialized>
         <run_address>0x20000078</run_address>
         <size>0x4</size>
      </object_component>
      <object_component id="oc-f9">
         <name>.common:yVal</name>
         <uninitialized>true</uninitialized>
         <run_address>0x2000007c</run_address>
         <size>0x4</size>
      </object_component>
      <object_component id="oc-f6">
         <name>.common:photoVal</name>
         <uninitialized>true</uninitialized>
         <run_address>0x20000058</run_address>
         <size>0x4</size>
      </object_component>
      <object_component id="oc-f7">
         <name>.common:photoVal2</name>
         <uninitialized>true</uninitialized>
         <run_address>0x2000005c</run_address>
         <size>0x4</size>
      </object_component>
      <object_component id="oc-f3">
         <name>.common:resultReady</name>
         <uninitialized>true</uninitialized>
         <run_address>0x20000080</run_address>
         <size>0x1</size>
      </object_component>
      <object_component id="oc-102">
         <name>.common:pressed</name>
         <uninitialized>true</uninitialized>
         <run_address>0x20000060</run_address>
         <size>0x4</size>
      </object_component>
      <object_component id="oc-103">
         <name>.common:resetPressed</name>
         <uninitialized>true</uninitialized>
         <run_address>0x2000006c</run_address>
         <size>0x4</size>
      </object_component>
      <object_component id="oc-101">
         <name>.common:debounceDone</name>
         <uninitialized>true</uninitialized>
         <run_address>0x20000050</run_address>
         <size>0x4</size>
      </object_component>
      <object_component id="oc-104">
         <name>.common:resetNeeded</name>
         <uninitialized>true</uninitialized>
         <run_address>0x20000068</run_address>
         <size>0x4</size>
      </object_component>
      <object_component id="oc-105">
         <name>.common:curState</name>
         <uninitialized>true</uninitialized>
         <run_address>0x20000048</run_address>
         <size>0x4</size>
      </object_component>
      <object_component id="oc-19f">
         <name>.common:curAngle</name>
         <uninitialized>true</uninitialized>
         <run_address>0x20000044</run_address>
         <size>0x4</size>
      </object_component>
      <object_component id="oc-1b9">
         <name>.common:winTime</name>
         <uninitialized>true</uninitialized>
         <run_address>0x20000074</run_address>
         <size>0x4</size>
      </object_component>
      <object_component id="oc-29">
         <name>.stack</name>
         <uninitialized>true</uninitialized>
         <run_address>0x2003fe00</run_address>
         <size>0x4</size>
         <input_file_ref idref="fl-d6"/>
      </object_component>
      <object_component id="oc-38f">
         <name>.stack</name>
         <uninitialized>true</uninitialized>
         <run_address>0x2003fe00</run_address>
         <size>0x0</size>
      </object_component>
      <object_component id="oc-e1">
         <name>.debug_info</name>
         <load_address>0x0</load_address>
         <run_address>0x0</run_address>
         <size>0x7da</size>
         <input_file_ref idref="fl-2"/>
      </object_component>
      <object_component id="oc-b4">
         <name>.debug_info</name>
         <load_address>0x7da</load_address>
         <run_address>0x7da</run_address>
         <size>0x15c</size>
         <input_file_ref idref="fl-2"/>
      </object_component>
      <object_component id="oc-10e">
         <name>.debug_info</name>
         <load_address>0x936</load_address>
         <run_address>0x936</run_address>
         <size>0x26b</size>
         <input_file_ref idref="fl-2"/>
      </object_component>
      <object_component id="oc-180">
         <name>.debug_info</name>
         <load_address>0xba1</load_address>
         <run_address>0xba1</run_address>
         <size>0x1055</size>
         <input_file_ref idref="fl-2"/>
      </object_component>
      <object_component id="oc-17b">
         <name>.debug_info</name>
         <load_address>0x1bf6</load_address>
         <run_address>0x1bf6</run_address>
         <size>0x3c27</size>
         <input_file_ref idref="fl-2"/>
      </object_component>
      <object_component id="oc-107">
         <name>.debug_info</name>
         <load_address>0x581d</load_address>
         <run_address>0x581d</run_address>
         <size>0x8b</size>
         <input_file_ref idref="fl-2"/>
      </object_component>
      <object_component id="oc-1a3">
         <name>.debug_info</name>
         <load_address>0x58a8</load_address>
         <run_address>0x58a8</run_address>
         <size>0x2a4</size>
         <input_file_ref idref="fl-2"/>
      </object_component>
      <object_component id="oc-16c">
         <name>.debug_info</name>
         <load_address>0x5b4c</load_address>
         <run_address>0x5b4c</run_address>
         <size>0xbb</size>
         <input_file_ref idref="fl-2"/>
      </object_component>
      <object_component id="oc-20a">
         <name>.debug_info</name>
         <load_address>0x5c07</load_address>
         <run_address>0x5c07</run_address>
         <size>0x2c</size>
         <input_file_ref idref="fl-2"/>
      </object_component>
      <object_component id="oc-f4">
         <name>.debug_info</name>
         <load_address>0x5c33</load_address>
         <run_address>0x5c33</run_address>
         <size>0x604</size>
         <input_file_ref idref="fl-3"/>
      </object_component>
      <object_component id="oc-83">
         <name>.debug_info</name>
         <load_address>0x6237</load_address>
         <run_address>0x6237</run_address>
         <size>0x1e4</size>
         <input_file_ref idref="fl-3"/>
      </object_component>
      <object_component id="oc-1bf">
         <name>.debug_info</name>
         <load_address>0x641b</load_address>
         <run_address>0x641b</run_address>
         <size>0x10c</size>
         <input_file_ref idref="fl-4"/>
      </object_component>
      <object_component id="oc-32">
         <name>.debug_info</name>
         <load_address>0x6527</load_address>
         <run_address>0x6527</run_address>
         <size>0x84</size>
         <input_file_ref idref="fl-4"/>
      </object_component>
      <object_component id="oc-216">
         <name>.debug_info</name>
         <load_address>0x65ab</load_address>
         <run_address>0x65ab</run_address>
         <size>0x609</size>
         <input_file_ref idref="fl-5"/>
      </object_component>
      <object_component id="oc-1af">
         <name>.debug_info</name>
         <load_address>0x6bb4</load_address>
         <run_address>0x6bb4</run_address>
         <size>0x930</size>
         <input_file_ref idref="fl-5"/>
      </object_component>
      <object_component id="oc-1c7">
         <name>.debug_info</name>
         <load_address>0x74e4</load_address>
         <run_address>0x74e4</run_address>
         <size>0x10d</size>
         <input_file_ref idref="fl-6"/>
      </object_component>
      <object_component id="oc-1a0">
         <name>.debug_info</name>
         <load_address>0x75f1</load_address>
         <run_address>0x75f1</run_address>
         <size>0x58b</size>
         <input_file_ref idref="fl-7"/>
      </object_component>
      <object_component id="oc-19d">
         <name>.debug_info</name>
         <load_address>0x7b7c</load_address>
         <run_address>0x7b7c</run_address>
         <size>0xe9</size>
         <input_file_ref idref="fl-7"/>
      </object_component>
      <object_component id="oc-fc">
         <name>.debug_info</name>
         <load_address>0x7c65</load_address>
         <run_address>0x7c65</run_address>
         <size>0x2d1</size>
         <input_file_ref idref="fl-7"/>
      </object_component>
      <object_component id="oc-8d">
         <name>.debug_info</name>
         <load_address>0x7f36</load_address>
         <run_address>0x7f36</run_address>
         <size>0x2cb</size>
         <input_file_ref idref="fl-8"/>
      </object_component>
      <object_component id="oc-27">
         <name>.debug_info</name>
         <load_address>0x8201</load_address>
         <run_address>0x8201</run_address>
         <size>0xf7</size>
         <input_file_ref idref="fl-8"/>
      </object_component>
      <object_component id="oc-6a">
         <name>.debug_info</name>
         <load_address>0x82f8</load_address>
         <run_address>0x82f8</run_address>
         <size>0x1be</size>
         <input_file_ref idref="fl-8"/>
      </object_component>
      <object_component id="oc-e3">
         <name>.debug_info</name>
         <load_address>0x84b6</load_address>
         <run_address>0x84b6</run_address>
         <size>0xad2</size>
         <input_file_ref idref="fl-9"/>
      </object_component>
      <object_component id="oc-1bb">
         <name>.debug_info</name>
         <load_address>0x8f88</load_address>
         <run_address>0x8f88</run_address>
         <size>0xda</size>
         <input_file_ref idref="fl-9"/>
      </object_component>
      <object_component id="oc-124">
         <name>.debug_info</name>
         <load_address>0x9062</load_address>
         <run_address>0x9062</run_address>
         <size>0x8fd</size>
         <input_file_ref idref="fl-9"/>
      </object_component>
      <object_component id="oc-18f">
         <name>.debug_info</name>
         <load_address>0x995f</load_address>
         <run_address>0x995f</run_address>
         <size>0x57e</size>
         <input_file_ref idref="fl-a"/>
      </object_component>
      <object_component id="oc-f0">
         <name>.debug_info</name>
         <load_address>0x9edd</load_address>
         <run_address>0x9edd</run_address>
         <size>0xea</size>
         <input_file_ref idref="fl-a"/>
      </object_component>
      <object_component id="oc-ed">
         <name>.debug_info</name>
         <load_address>0x9fc7</load_address>
         <run_address>0x9fc7</run_address>
         <size>0x12a</size>
         <input_file_ref idref="fl-a"/>
      </object_component>
      <object_component id="oc-7d">
         <name>.debug_info</name>
         <load_address>0xa0f1</load_address>
         <run_address>0xa0f1</run_address>
         <size>0x4f9</size>
         <input_file_ref idref="fl-a"/>
      </object_component>
      <object_component id="oc-178">
         <name>.debug_info</name>
         <load_address>0xa5ea</load_address>
         <run_address>0xa5ea</run_address>
         <size>0x57f</size>
         <input_file_ref idref="fl-b"/>
      </object_component>
      <object_component id="oc-dd">
         <name>.debug_info</name>
         <load_address>0xab69</load_address>
         <run_address>0xab69</run_address>
         <size>0xed</size>
         <input_file_ref idref="fl-b"/>
      </object_component>
      <object_component id="oc-da">
         <name>.debug_info</name>
         <load_address>0xac56</load_address>
         <run_address>0xac56</run_address>
         <size>0x131</size>
         <input_file_ref idref="fl-b"/>
      </object_component>
      <object_component id="oc-70">
         <name>.debug_info</name>
         <load_address>0xad87</load_address>
         <run_address>0xad87</run_address>
         <size>0x51e</size>
         <input_file_ref idref="fl-b"/>
      </object_component>
      <object_component id="oc-e5">
         <name>.debug_info</name>
         <load_address>0xb2a5</load_address>
         <run_address>0xb2a5</run_address>
         <size>0x756</size>
         <input_file_ref idref="fl-c"/>
      </object_component>
      <object_component id="oc-88">
         <name>.debug_info</name>
         <load_address>0xb9fb</load_address>
         <run_address>0xb9fb</run_address>
         <size>0x197</size>
         <input_file_ref idref="fl-c"/>
      </object_component>
      <object_component id="oc-29b">
         <name>.debug_info</name>
         <load_address>0xbb92</load_address>
         <run_address>0xbb92</run_address>
         <size>0xe1</size>
         <input_file_ref idref="fl-d"/>
      </object_component>
      <object_component id="oc-210">
         <name>.debug_info</name>
         <load_address>0xbc73</load_address>
         <run_address>0xbc73</run_address>
         <size>0x2b9</size>
         <input_file_ref idref="fl-d"/>
      </object_component>
      <object_component id="oc-169">
         <name>.debug_info</name>
         <load_address>0xbf2c</load_address>
         <run_address>0xbf2c</run_address>
         <size>0xf0</size>
         <input_file_ref idref="fl-e"/>
      </object_component>
      <object_component id="oc-c5">
         <name>.debug_info</name>
         <load_address>0xc01c</load_address>
         <run_address>0xc01c</run_address>
         <size>0x262</size>
         <input_file_ref idref="fl-e"/>
      </object_component>
      <object_component id="oc-e7">
         <name>.debug_info</name>
         <load_address>0xc27e</load_address>
         <run_address>0xc27e</run_address>
         <size>0x5c5</size>
         <input_file_ref idref="fl-f"/>
      </object_component>
      <object_component id="oc-74">
         <name>.debug_info</name>
         <load_address>0xc843</load_address>
         <run_address>0xc843</run_address>
         <size>0x14c</size>
         <input_file_ref idref="fl-f"/>
      </object_component>
      <object_component id="oc-209">
         <name>.debug_info</name>
         <load_address>0xc98f</load_address>
         <run_address>0xc98f</run_address>
         <size>0x333</size>
         <input_file_ref idref="fl-c9"/>
      </object_component>
      <object_component id="oc-1ac">
         <name>.debug_info</name>
         <load_address>0xccc2</load_address>
         <run_address>0xccc2</run_address>
         <size>0x1d1</size>
         <input_file_ref idref="fl-c9"/>
      </object_component>
      <object_component id="oc-200">
         <name>.debug_info</name>
         <load_address>0xce93</load_address>
         <run_address>0xce93</run_address>
         <size>0x18d</size>
         <input_file_ref idref="fl-c9"/>
      </object_component>
      <object_component id="oc-206">
         <name>.debug_info</name>
         <load_address>0xd020</load_address>
         <run_address>0xd020</run_address>
         <size>0x16d</size>
         <input_file_ref idref="fl-c9"/>
      </object_component>
      <object_component id="oc-301">
         <name>.debug_info</name>
         <load_address>0xd18d</load_address>
         <run_address>0xd18d</run_address>
         <size>0x2c</size>
         <input_file_ref idref="fl-c9"/>
      </object_component>
      <object_component id="oc-199">
         <name>.debug_info</name>
         <load_address>0xd1b9</load_address>
         <run_address>0xd1b9</run_address>
         <size>0x14c</size>
         <input_file_ref idref="fl-ca"/>
      </object_component>
      <object_component id="oc-d2">
         <name>.debug_info</name>
         <load_address>0xd305</load_address>
         <run_address>0xd305</run_address>
         <size>0x13a</size>
         <input_file_ref idref="fl-cb"/>
      </object_component>
      <object_component id="oc-cd">
         <name>.debug_info</name>
         <load_address>0xd43f</load_address>
         <run_address>0xd43f</run_address>
         <size>0x13a</size>
         <input_file_ref idref="fl-cc"/>
      </object_component>
      <object_component id="oc-d7">
         <name>.debug_info</name>
         <load_address>0xd579</load_address>
         <run_address>0xd579</run_address>
         <size>0x12e</size>
         <input_file_ref idref="fl-cd"/>
      </object_component>
      <object_component id="oc-1b6">
         <name>.debug_info</name>
         <load_address>0xd6a7</load_address>
         <run_address>0xd6a7</run_address>
         <size>0x12c</size>
         <input_file_ref idref="fl-ce"/>
      </object_component>
      <object_component id="oc-291">
         <name>.debug_info</name>
         <load_address>0xd7d3</load_address>
         <run_address>0xd7d3</run_address>
         <size>0x122</size>
         <input_file_ref idref="fl-cf"/>
      </object_component>
      <object_component id="oc-3a">
         <name>.debug_info</name>
         <load_address>0xd8f5</load_address>
         <run_address>0xd8f5</run_address>
         <size>0x119</size>
         <input_file_ref idref="fl-d0"/>
      </object_component>
      <object_component id="oc-195">
         <name>.debug_info</name>
         <load_address>0xda0e</load_address>
         <run_address>0xda0e</run_address>
         <size>0x12e</size>
         <input_file_ref idref="fl-d1"/>
      </object_component>
      <object_component id="oc-296">
         <name>.debug_info</name>
         <load_address>0xdb3c</load_address>
         <run_address>0xdb3c</run_address>
         <size>0x134</size>
         <input_file_ref idref="fl-d2"/>
      </object_component>
      <object_component id="oc-a4">
         <name>.debug_info</name>
         <load_address>0xdc70</load_address>
         <run_address>0xdc70</run_address>
         <size>0x2d4</size>
         <input_file_ref idref="fl-d3"/>
      </object_component>
      <object_component id="oc-45">
         <name>.debug_info</name>
         <load_address>0xdf44</load_address>
         <run_address>0xdf44</run_address>
         <size>0x1d2</size>
         <input_file_ref idref="fl-d3"/>
      </object_component>
      <object_component id="oc-9f">
         <name>.debug_info</name>
         <load_address>0xe116</load_address>
         <run_address>0xe116</run_address>
         <size>0x46</size>
         <input_file_ref idref="fl-d3"/>
      </object_component>
      <object_component id="oc-11a">
         <name>.debug_info</name>
         <load_address>0xe15c</load_address>
         <run_address>0xe15c</run_address>
         <size>0x2c</size>
         <input_file_ref idref="fl-d3"/>
      </object_component>
      <object_component id="oc-42">
         <name>.debug_info</name>
         <load_address>0xe188</load_address>
         <run_address>0xe188</run_address>
         <size>0x2a8</size>
         <input_file_ref idref="fl-d4"/>
      </object_component>
      <object_component id="oc-1e">
         <name>.debug_info</name>
         <load_address>0xe430</load_address>
         <run_address>0xe430</run_address>
         <size>0x1ea</size>
         <input_file_ref idref="fl-d4"/>
      </object_component>
      <object_component id="oc-3d">
         <name>.debug_info</name>
         <load_address>0xe61a</load_address>
         <run_address>0xe61a</run_address>
         <size>0x46</size>
         <input_file_ref idref="fl-d4"/>
      </object_component>
      <object_component id="oc-97">
         <name>.debug_info</name>
         <load_address>0xe660</load_address>
         <run_address>0xe660</run_address>
         <size>0x2c</size>
         <input_file_ref idref="fl-d4"/>
      </object_component>
      <object_component id="oc-95">
         <name>.debug_info</name>
         <load_address>0xe68c</load_address>
         <run_address>0xe68c</run_address>
         <size>0x29e</size>
         <input_file_ref idref="fl-d5"/>
      </object_component>
      <object_component id="oc-19">
         <name>.debug_info</name>
         <load_address>0xe92a</load_address>
         <run_address>0xe92a</run_address>
         <size>0x250</size>
         <input_file_ref idref="fl-d5"/>
      </object_component>
      <object_component id="oc-2d">
         <name>.debug_info</name>
         <load_address>0xeb7a</load_address>
         <run_address>0xeb7a</run_address>
         <size>0x60</size>
         <input_file_ref idref="fl-d5"/>
      </object_component>
      <object_component id="oc-113">
         <name>.debug_info</name>
         <load_address>0xebda</load_address>
         <run_address>0xebda</run_address>
         <size>0x46</size>
         <input_file_ref idref="fl-d5"/>
      </object_component>
      <object_component id="oc-90">
         <name>.debug_info</name>
         <load_address>0xec20</load_address>
         <run_address>0xec20</run_address>
         <size>0x39</size>
         <input_file_ref idref="fl-d5"/>
      </object_component>
      <object_component id="oc-2a">
         <name>.debug_info</name>
         <load_address>0xec59</load_address>
         <run_address>0xec59</run_address>
         <size>0x10b</size>
         <input_file_ref idref="fl-d6"/>
      </object_component>
      <object_component id="oc-56">
         <name>.debug_info</name>
         <load_address>0xed64</load_address>
         <run_address>0xed64</run_address>
         <size>0x1a9</size>
         <input_file_ref idref="fl-d6"/>
      </object_component>
      <object_component id="oc-281">
         <name>.debug_info</name>
         <load_address>0xef0d</load_address>
         <run_address>0xef0d</run_address>
         <size>0x590</size>
         <input_file_ref idref="fl-d7"/>
      </object_component>
      <object_component id="oc-24c">
         <name>.debug_info</name>
         <load_address>0xf49d</load_address>
         <run_address>0xf49d</run_address>
         <size>0x21e</size>
         <input_file_ref idref="fl-d7"/>
      </object_component>
      <object_component id="oc-2c5">
         <name>.debug_info</name>
         <load_address>0xf6bb</load_address>
         <run_address>0xf6bb</run_address>
         <size>0x1b3</size>
         <input_file_ref idref="fl-d7"/>
      </object_component>
      <object_component id="oc-2ca">
         <name>.debug_info</name>
         <load_address>0xf86e</load_address>
         <run_address>0xf86e</run_address>
         <size>0x21b</size>
         <input_file_ref idref="fl-d7"/>
      </object_component>
      <object_component id="oc-258">
         <name>.debug_info</name>
         <load_address>0xfa89</load_address>
         <run_address>0xfa89</run_address>
         <size>0x3c0</size>
         <input_file_ref idref="fl-d7"/>
      </object_component>
      <object_component id="oc-2d1">
         <name>.debug_info</name>
         <load_address>0xfe49</load_address>
         <run_address>0xfe49</run_address>
         <size>0x30a</size>
         <input_file_ref idref="fl-d7"/>
      </object_component>
      <object_component id="oc-2d7">
         <name>.debug_info</name>
         <load_address>0x10153</load_address>
         <run_address>0x10153</run_address>
         <size>0x215</size>
         <input_file_ref idref="fl-d7"/>
      </object_component>
      <object_component id="oc-25d">
         <name>.debug_info</name>
         <load_address>0x10368</load_address>
         <run_address>0x10368</run_address>
         <size>0x215</size>
         <input_file_ref idref="fl-d7"/>
      </object_component>
      <object_component id="oc-263">
         <name>.debug_info</name>
         <load_address>0x1057d</load_address>
         <run_address>0x1057d</run_address>
         <size>0x304</size>
         <input_file_ref idref="fl-d7"/>
      </object_component>
      <object_component id="oc-269">
         <name>.debug_info</name>
         <load_address>0x10881</load_address>
         <run_address>0x10881</run_address>
         <size>0x4b5</size>
         <input_file_ref idref="fl-d7"/>
      </object_component>
      <object_component id="oc-1f7">
         <name>.debug_info</name>
         <load_address>0x10d36</load_address>
         <run_address>0x10d36</run_address>
         <size>0x5f4</size>
         <input_file_ref idref="fl-d7"/>
      </object_component>
      <object_component id="oc-282">
         <name>.debug_info</name>
         <load_address>0x1132a</load_address>
         <run_address>0x1132a</run_address>
         <size>0x86</size>
         <input_file_ref idref="fl-d7"/>
      </object_component>
      <object_component id="oc-306">
         <name>.debug_info</name>
         <load_address>0x113b0</load_address>
         <run_address>0x113b0</run_address>
         <size>0x39</size>
         <input_file_ref idref="fl-d7"/>
      </object_component>
      <object_component id="oc-345">
         <name>.debug_info</name>
         <load_address>0x113e9</load_address>
         <run_address>0x113e9</run_address>
         <size>0xb6</size>
         <input_file_ref idref="fl-d7"/>
      </object_component>
      <object_component id="oc-30b">
         <name>.debug_info</name>
         <load_address>0x1149f</load_address>
         <run_address>0x1149f</run_address>
         <size>0x46</size>
         <input_file_ref idref="fl-d7"/>
      </object_component>
      <object_component id="oc-287">
         <name>.debug_info</name>
         <load_address>0x114e5</load_address>
         <run_address>0x114e5</run_address>
         <size>0x46</size>
         <input_file_ref idref="fl-d7"/>
      </object_component>
      <object_component id="oc-313">
         <name>.debug_info</name>
         <load_address>0x1152b</load_address>
         <run_address>0x1152b</run_address>
         <size>0x115</size>
         <input_file_ref idref="fl-d8"/>
      </object_component>
      <object_component id="oc-254">
         <name>.debug_info</name>
         <load_address>0x11640</load_address>
         <run_address>0x11640</run_address>
         <size>0x128</size>
         <input_file_ref idref="fl-d9"/>
      </object_component>
      <object_component id="oc-2ba">
         <name>.debug_info</name>
         <load_address>0x11768</load_address>
         <run_address>0x11768</run_address>
         <size>0x12a</size>
         <input_file_ref idref="fl-d9"/>
      </object_component>
      <object_component id="oc-a8">
         <name>.debug_info</name>
         <load_address>0x11892</load_address>
         <run_address>0x11892</run_address>
         <size>0x147</size>
         <input_file_ref idref="fl-da"/>
      </object_component>
      <object_component id="oc-1d5">
         <name>.debug_info</name>
         <load_address>0x119d9</load_address>
         <run_address>0x119d9</run_address>
         <size>0x4b3</size>
         <input_file_ref idref="fl-db"/>
      </object_component>
      <object_component id="oc-138">
         <name>.debug_info</name>
         <load_address>0x11e8c</load_address>
         <run_address>0x11e8c</run_address>
         <size>0x1a6</size>
         <input_file_ref idref="fl-db"/>
      </object_component>
      <object_component id="oc-22e">
         <name>.debug_info</name>
         <load_address>0x12032</load_address>
         <run_address>0x12032</run_address>
         <size>0x39</size>
         <input_file_ref idref="fl-db"/>
      </object_component>
      <object_component id="oc-2a3">
         <name>.debug_info</name>
         <load_address>0x1206b</load_address>
         <run_address>0x1206b</run_address>
         <size>0x39</size>
         <input_file_ref idref="fl-db"/>
      </object_component>
      <object_component id="oc-233">
         <name>.debug_info</name>
         <load_address>0x120a4</load_address>
         <run_address>0x120a4</run_address>
         <size>0x39</size>
         <input_file_ref idref="fl-db"/>
      </object_component>
      <object_component id="oc-238">
         <name>.debug_info</name>
         <load_address>0x120dd</load_address>
         <run_address>0x120dd</run_address>
         <size>0xcd</size>
         <input_file_ref idref="fl-db"/>
      </object_component>
      <object_component id="oc-ae">
         <name>.debug_info</name>
         <load_address>0x121aa</load_address>
         <run_address>0x121aa</run_address>
         <size>0x153</size>
         <input_file_ref idref="fl-dc"/>
      </object_component>
      <object_component id="oc-12c">
         <name>.debug_info</name>
         <load_address>0x122fd</load_address>
         <run_address>0x122fd</run_address>
         <size>0x122</size>
         <input_file_ref idref="fl-de"/>
      </object_component>
      <object_component id="oc-322">
         <name>.debug_info</name>
         <load_address>0x1241f</load_address>
         <run_address>0x1241f</run_address>
         <size>0x29c</size>
         <input_file_ref idref="fl-e0"/>
      </object_component>
      <object_component id="oc-2be">
         <name>.debug_info</name>
         <load_address>0x126bb</load_address>
         <run_address>0x126bb</run_address>
         <size>0x1da</size>
         <input_file_ref idref="fl-e0"/>
      </object_component>
      <object_component id="oc-2b5">
         <name>.debug_info</name>
         <load_address>0x12895</load_address>
         <run_address>0x12895</run_address>
         <size>0x2b9</size>
         <input_file_ref idref="fl-e2"/>
      </object_component>
      <object_component id="oc-246">
         <name>.debug_info</name>
         <load_address>0x12b4e</load_address>
         <run_address>0x12b4e</run_address>
         <size>0x17c</size>
         <input_file_ref idref="fl-e2"/>
      </object_component>
      <object_component id="oc-31d">
         <name>.debug_info</name>
         <load_address>0x12cca</load_address>
         <run_address>0x12cca</run_address>
         <size>0xf9</size>
         <input_file_ref idref="fl-e3"/>
      </object_component>
      <object_component id="oc-2b2">
         <name>.debug_info</name>
         <load_address>0x12dc3</load_address>
         <run_address>0x12dc3</run_address>
         <size>0x105</size>
         <input_file_ref idref="fl-e3"/>
      </object_component>
      <object_component id="oc-2f2">
         <name>.debug_info</name>
         <load_address>0x12ec8</load_address>
         <run_address>0x12ec8</run_address>
         <size>0x2a7</size>
         <input_file_ref idref="fl-e4"/>
      </object_component>
      <object_component id="oc-272">
         <name>.debug_info</name>
         <load_address>0x1316f</load_address>
         <run_address>0x1316f</run_address>
         <size>0x1b8</size>
         <input_file_ref idref="fl-e4"/>
      </object_component>
      <object_component id="oc-337">
         <name>.debug_info</name>
         <load_address>0x13327</load_address>
         <run_address>0x13327</run_address>
         <size>0x29a</size>
         <input_file_ref idref="fl-e5"/>
      </object_component>
      <object_component id="oc-2ec">
         <name>.debug_info</name>
         <load_address>0x135c1</load_address>
         <run_address>0x135c1</run_address>
         <size>0x262</size>
         <input_file_ref idref="fl-e5"/>
      </object_component>
      <object_component id="oc-2b0">
         <name>.debug_info</name>
         <load_address>0x13823</load_address>
         <run_address>0x13823</run_address>
         <size>0x28f</size>
         <input_file_ref idref="fl-e6"/>
      </object_component>
      <object_component id="oc-240">
         <name>.debug_info</name>
         <load_address>0x13ab2</load_address>
         <run_address>0x13ab2</run_address>
         <size>0x245</size>
         <input_file_ref idref="fl-e6"/>
      </object_component>
      <object_component id="oc-2fe">
         <name>.debug_info</name>
         <load_address>0x13cf7</load_address>
         <run_address>0x13cf7</run_address>
         <size>0x289</size>
         <input_file_ref idref="fl-e7"/>
      </object_component>
      <object_component id="oc-2fb">
         <name>.debug_info</name>
         <load_address>0x13f80</load_address>
         <run_address>0x13f80</run_address>
         <size>0x10e</size>
         <input_file_ref idref="fl-e7"/>
      </object_component>
      <object_component id="oc-27b">
         <name>.debug_info</name>
         <load_address>0x1408e</load_address>
         <run_address>0x1408e</run_address>
         <size>0x14e</size>
         <input_file_ref idref="fl-e7"/>
      </object_component>
      <object_component id="oc-2f9">
         <name>.debug_info</name>
         <load_address>0x141dc</load_address>
         <run_address>0x141dc</run_address>
         <size>0x28f</size>
         <input_file_ref idref="fl-e8"/>
      </object_component>
      <object_component id="oc-276">
         <name>.debug_info</name>
         <load_address>0x1446b</load_address>
         <run_address>0x1446b</run_address>
         <size>0x15a</size>
         <input_file_ref idref="fl-e8"/>
      </object_component>
      <object_component id="oc-33a">
         <name>.debug_info</name>
         <load_address>0x145c5</load_address>
         <run_address>0x145c5</run_address>
         <size>0x46</size>
         <input_file_ref idref="fl-e8"/>
      </object_component>
      <object_component id="oc-2f4">
         <name>.debug_info</name>
         <load_address>0x1460b</load_address>
         <run_address>0x1460b</run_address>
         <size>0x39</size>
         <input_file_ref idref="fl-e8"/>
      </object_component>
      <object_component id="oc-328">
         <name>.debug_info</name>
         <load_address>0x14644</load_address>
         <run_address>0x14644</run_address>
         <size>0x295</size>
         <input_file_ref idref="fl-e9"/>
      </object_component>
      <object_component id="oc-2df">
         <name>.debug_info</name>
         <load_address>0x148d9</load_address>
         <run_address>0x148d9</run_address>
         <size>0x195</size>
         <input_file_ref idref="fl-e9"/>
      </object_component>
      <object_component id="oc-351">
         <name>.debug_info</name>
         <load_address>0x14a6e</load_address>
         <run_address>0x14a6e</run_address>
         <size>0x39</size>
         <input_file_ref idref="fl-e9"/>
      </object_component>
      <object_component id="oc-329">
         <name>.debug_info</name>
         <load_address>0x14aa7</load_address>
         <run_address>0x14aa7</run_address>
         <size>0x2c</size>
         <input_file_ref idref="fl-e9"/>
      </object_component>
      <object_component id="oc-335">
         <name>.debug_info</name>
         <load_address>0x14ad3</load_address>
         <run_address>0x14ad3</run_address>
         <size>0x2f8</size>
         <input_file_ref idref="fl-ea"/>
      </object_component>
      <object_component id="oc-2e6">
         <name>.debug_info</name>
         <load_address>0x14dcb</load_address>
         <run_address>0x14dcb</run_address>
         <size>0x225</size>
         <input_file_ref idref="fl-ea"/>
      </object_component>
      <object_component id="oc-32f">
         <name>.debug_info</name>
         <load_address>0x14ff0</load_address>
         <run_address>0x14ff0</run_address>
         <size>0x161</size>
         <input_file_ref idref="fl-eb"/>
      </object_component>
      <object_component id="oc-390">
         <name>.debug_info</name>
         <load_address>0x15151</load_address>
         <run_address>0x15151</run_address>
         <size>0xa3</size>
      </object_component>
      <object_component id="oc-17a">
         <name>.debug_line</name>
         <load_address>0x0</load_address>
         <run_address>0x0</run_address>
         <size>0x64</size>
         <input_file_ref idref="fl-2"/>
      </object_component>
      <object_component id="oc-b3">
         <name>.debug_line</name>
         <load_address>0x64</load_address>
         <run_address>0x64</run_address>
         <size>0x5a</size>
         <input_file_ref idref="fl-2"/>
      </object_component>
      <object_component id="oc-111">
         <name>.debug_line</name>
         <load_address>0xbe</load_address>
         <run_address>0xbe</run_address>
         <size>0x6f</size>
         <input_file_ref idref="fl-2"/>
      </object_component>
      <object_component id="oc-183">
         <name>.debug_line</name>
         <load_address>0x12d</load_address>
         <run_address>0x12d</run_address>
         <size>0x5b</size>
         <input_file_ref idref="fl-2"/>
      </object_component>
      <object_component id="oc-17e">
         <name>.debug_line</name>
         <load_address>0x188</load_address>
         <run_address>0x188</run_address>
         <size>0x58</size>
         <input_file_ref idref="fl-2"/>
      </object_component>
      <object_component id="oc-10a">
         <name>.debug_line</name>
         <load_address>0x1e0</load_address>
         <run_address>0x1e0</run_address>
         <size>0x20</size>
         <input_file_ref idref="fl-2"/>
      </object_component>
      <object_component id="oc-1a6">
         <name>.debug_line</name>
         <load_address>0x200</load_address>
         <run_address>0x200</run_address>
         <size>0x73</size>
         <input_file_ref idref="fl-2"/>
      </object_component>
      <object_component id="oc-16f">
         <name>.debug_line</name>
         <load_address>0x273</load_address>
         <run_address>0x273</run_address>
         <size>0x70</size>
         <input_file_ref idref="fl-2"/>
      </object_component>
      <object_component id="oc-20d">
         <name>.debug_line</name>
         <load_address>0x2e3</load_address>
         <run_address>0x2e3</run_address>
         <size>0x6b</size>
         <input_file_ref idref="fl-2"/>
      </object_component>
      <object_component id="oc-191">
         <name>.debug_line</name>
         <load_address>0x34e</load_address>
         <run_address>0x34e</run_address>
         <size>0x2c</size>
         <input_file_ref idref="fl-3"/>
      </object_component>
      <object_component id="oc-82">
         <name>.debug_line</name>
         <load_address>0x37a</load_address>
         <run_address>0x37a</run_address>
         <size>0xb7</size>
         <input_file_ref idref="fl-3"/>
      </object_component>
      <object_component id="oc-1be">
         <name>.debug_line</name>
         <load_address>0x431</load_address>
         <run_address>0x431</run_address>
         <size>0x48</size>
         <input_file_ref idref="fl-4"/>
      </object_component>
      <object_component id="oc-35">
         <name>.debug_line</name>
         <load_address>0x479</load_address>
         <run_address>0x479</run_address>
         <size>0x20</size>
         <input_file_ref idref="fl-4"/>
      </object_component>
      <object_component id="oc-29f">
         <name>.debug_line</name>
         <load_address>0x499</load_address>
         <run_address>0x499</run_address>
         <size>0x42</size>
         <input_file_ref idref="fl-5"/>
      </object_component>
      <object_component id="oc-1b2">
         <name>.debug_line</name>
         <load_address>0x4db</load_address>
         <run_address>0x4db</run_address>
         <size>0x1c1</size>
         <input_file_ref idref="fl-5"/>
      </object_component>
      <object_component id="oc-1c5">
         <name>.debug_line</name>
         <load_address>0x69c</load_address>
         <run_address>0x69c</run_address>
         <size>0x44</size>
         <input_file_ref idref="fl-6"/>
      </object_component>
      <object_component id="oc-1f5">
         <name>.debug_line</name>
         <load_address>0x6e0</load_address>
         <run_address>0x6e0</run_address>
         <size>0x34</size>
         <input_file_ref idref="fl-7"/>
      </object_component>
      <object_component id="oc-1f3">
         <name>.debug_line</name>
         <load_address>0x714</load_address>
         <run_address>0x714</run_address>
         <size>0x34</size>
         <input_file_ref idref="fl-7"/>
      </object_component>
      <object_component id="oc-ff">
         <name>.debug_line</name>
         <load_address>0x748</load_address>
         <run_address>0x748</run_address>
         <size>0xb2</size>
         <input_file_ref idref="fl-7"/>
      </object_component>
      <object_component id="oc-10d">
         <name>.debug_line</name>
         <load_address>0x7fa</load_address>
         <run_address>0x7fa</run_address>
         <size>0x40</size>
         <input_file_ref idref="fl-8"/>
      </object_component>
      <object_component id="oc-8c">
         <name>.debug_line</name>
         <load_address>0x83a</load_address>
         <run_address>0x83a</run_address>
         <size>0x40</size>
         <input_file_ref idref="fl-8"/>
      </object_component>
      <object_component id="oc-6c">
         <name>.debug_line</name>
         <load_address>0x87a</load_address>
         <run_address>0x87a</run_address>
         <size>0x71</size>
         <input_file_ref idref="fl-8"/>
      </object_component>
      <object_component id="oc-186">
         <name>.debug_line</name>
         <load_address>0x8eb</load_address>
         <run_address>0x8eb</run_address>
         <size>0x11d</size>
         <input_file_ref idref="fl-9"/>
      </object_component>
      <object_component id="oc-21b">
         <name>.debug_line</name>
         <load_address>0xa08</load_address>
         <run_address>0xa08</run_address>
         <size>0x35</size>
         <input_file_ref idref="fl-9"/>
      </object_component>
      <object_component id="oc-127">
         <name>.debug_line</name>
         <load_address>0xa3d</load_address>
         <run_address>0xa3d</run_address>
         <size>0x172</size>
         <input_file_ref idref="fl-9"/>
      </object_component>
      <object_component id="oc-1ef">
         <name>.debug_line</name>
         <load_address>0xbaf</load_address>
         <run_address>0xbaf</run_address>
         <size>0x20</size>
         <input_file_ref idref="fl-a"/>
      </object_component>
      <object_component id="oc-18e">
         <name>.debug_line</name>
         <load_address>0xbcf</load_address>
         <run_address>0xbcf</run_address>
         <size>0x35</size>
         <input_file_ref idref="fl-a"/>
      </object_component>
      <object_component id="oc-18c">
         <name>.debug_line</name>
         <load_address>0xc04</load_address>
         <run_address>0xc04</run_address>
         <size>0x35</size>
         <input_file_ref idref="fl-a"/>
      </object_component>
      <object_component id="oc-7a">
         <name>.debug_line</name>
         <load_address>0xc39</load_address>
         <run_address>0xc39</run_address>
         <size>0x13e</size>
         <input_file_ref idref="fl-a"/>
      </object_component>
      <object_component id="oc-1ed">
         <name>.debug_line</name>
         <load_address>0xd77</load_address>
         <run_address>0xd77</run_address>
         <size>0x20</size>
         <input_file_ref idref="fl-b"/>
      </object_component>
      <object_component id="oc-177">
         <name>.debug_line</name>
         <load_address>0xd97</load_address>
         <run_address>0xd97</run_address>
         <size>0x36</size>
         <input_file_ref idref="fl-b"/>
      </object_component>
      <object_component id="oc-175">
         <name>.debug_line</name>
         <load_address>0xdcd</load_address>
         <run_address>0xdcd</run_address>
         <size>0x36</size>
         <input_file_ref idref="fl-b"/>
      </object_component>
      <object_component id="oc-72">
         <name>.debug_line</name>
         <load_address>0xe03</load_address>
         <run_address>0xe03</run_address>
         <size>0x13f</size>
         <input_file_ref idref="fl-b"/>
      </object_component>
      <object_component id="oc-188">
         <name>.debug_line</name>
         <load_address>0xf42</load_address>
         <run_address>0xf42</run_address>
         <size>0x78</size>
         <input_file_ref idref="fl-c"/>
      </object_component>
      <object_component id="oc-8a">
         <name>.debug_line</name>
         <load_address>0xfba</load_address>
         <run_address>0xfba</run_address>
         <size>0x8a</size>
         <input_file_ref idref="fl-c"/>
      </object_component>
      <object_component id="oc-318">
         <name>.debug_line</name>
         <load_address>0x1044</load_address>
         <run_address>0x1044</run_address>
         <size>0x36</size>
         <input_file_ref idref="fl-d"/>
      </object_component>
      <object_component id="oc-214">
         <name>.debug_line</name>
         <load_address>0x107a</load_address>
         <run_address>0x107a</run_address>
         <size>0x9a</size>
         <input_file_ref idref="fl-d"/>
      </object_component>
      <object_component id="oc-1eb">
         <name>.debug_line</name>
         <load_address>0x1114</load_address>
         <run_address>0x1114</run_address>
         <size>0x3b</size>
         <input_file_ref idref="fl-e"/>
      </object_component>
      <object_component id="oc-c8">
         <name>.debug_line</name>
         <load_address>0x114f</load_address>
         <run_address>0x114f</run_address>
         <size>0x140</size>
         <input_file_ref idref="fl-e"/>
      </object_component>
      <object_component id="oc-18a">
         <name>.debug_line</name>
         <load_address>0x128f</load_address>
         <run_address>0x128f</run_address>
         <size>0x2c</size>
         <input_file_ref idref="fl-f"/>
      </object_component>
      <object_component id="oc-77">
         <name>.debug_line</name>
         <load_address>0x12bb</load_address>
         <run_address>0x12bb</run_address>
         <size>0x6c</size>
         <input_file_ref idref="fl-f"/>
      </object_component>
      <object_component id="oc-28f">
         <name>.debug_line</name>
         <load_address>0x1327</load_address>
         <run_address>0x1327</run_address>
         <size>0x2d</size>
         <input_file_ref idref="fl-c9"/>
      </object_component>
      <object_component id="oc-1a9">
         <name>.debug_line</name>
         <load_address>0x1354</load_address>
         <run_address>0x1354</run_address>
         <size>0x4b</size>
         <input_file_ref idref="fl-c9"/>
      </object_component>
      <object_component id="oc-1fe">
         <name>.debug_line</name>
         <load_address>0x139f</load_address>
         <run_address>0x139f</run_address>
         <size>0x4b</size>
         <input_file_ref idref="fl-c9"/>
      </object_component>
      <object_component id="oc-203">
         <name>.debug_line</name>
         <load_address>0x13ea</load_address>
         <run_address>0x13ea</run_address>
         <size>0x3f</size>
         <input_file_ref idref="fl-c9"/>
      </object_component>
      <object_component id="oc-304">
         <name>.debug_line</name>
         <load_address>0x1429</load_address>
         <run_address>0x1429</run_address>
         <size>0x91</size>
         <input_file_ref idref="fl-c9"/>
      </object_component>
      <object_component id="oc-19b">
         <name>.debug_line</name>
         <load_address>0x14ba</load_address>
         <run_address>0x14ba</run_address>
         <size>0xd2</size>
         <input_file_ref idref="fl-ca"/>
      </object_component>
      <object_component id="oc-d0">
         <name>.debug_line</name>
[...]
         <value>0x1be5</value>
         <object_component_ref idref="oc-79"/>
      </symbol>
      <symbol id="sm-1d9">
         <name>setDirection</name>
         <value>0x1c35</value>
         <object_component_ref idref="oc-79"/>
      </symbol>
      <symbol id="sm-1da">
         <name>toggleDirection</name>
         <value>0x1c53</value>
         <object_component_ref idref="oc-79"/>
      </symbol>
      <symbol id="sm-1db">
         <name>TA3_0_IRQHandler</name>
         <value>0x1c17</value>
         <object_component_ref idref="oc-79"/>
      </symbol>
      <symbol id="sm-1dc">
         <name>initStepperMotor</name>
         <value>0x1b35</value>
         <object_component_ref idref="oc-79"/>
      </symbol>
      <symbol id="sm-1dd">
         <name>stepClockwise</name>
         <value>0x1bb5</value>
         <object_component_ref idref="oc-79"/>
      </symbol>
      <symbol id="sm-1de">
         <name>enableStepperMotor</name>
         <value>0x1b8f</value>
         <object_component_ref idref="oc-79"/>
      </symbol>
      <symbol id="sm-219">
         <name>initStepperMotor2</name>
         <value>0x1965</value>
         <object_component_ref idref="oc-6d"/>
      </symbol>
      <symbol id="sm-21a">
         <name>stepClockwise2</name>
         <value>0x19ed</value>
         <object_component_ref idref="oc-6d"/>
      </symbol>
      <symbol id="sm-21b">
         <name>setRPM2</name>
         <value>0x1aa1</value>
         <object_component_ref idref="oc-6d"/>
      </symbol>
      <symbol id="sm-21c">
         <name>toggleDirection2</name>
         <value>0x1a8b</value>
         <object_component_ref idref="oc-6d"/>
      </symbol>
      <symbol id="sm-21d">
         <name>disableStepperMotor2</name>
         <value>0x19dd</value>
         <object_component_ref idref="oc-6d"/>
      </symbol>
      <symbol id="sm-21e">
         <name>stepCounterClockwise2</name>
         <value>0x1a1d</value>
         <object_component_ref idref="oc-6d"/>
      </symbol>
      <symbol id="sm-21f">
         <name>TA0_0_IRQHandler</name>
         <value>0x1a4f</value>
         <object_component_ref idref="oc-6d"/>
      </symbol>
      <symbol id="sm-220">
         <name>currentStep2</name>
         <value>0x2000002e</value>
         <object_component_ref idref="oc-d9"/>
      </symbol>
      <symbol id="sm-221">
         <name>setDirection2</name>
         <value>0x1a6d</value>
         <object_component_ref idref="oc-6d"/>
      </symbol>
      <symbol id="sm-222">
         <name>enableStepperMotor2</name>
         <value>0x19c1</value>
         <object_component_ref idref="oc-6d"/>
      </symbol>
      <symbol id="sm-223">
         <name>stepPeriod2</name>
         <value>0x2000002c</value>
         <object_component_ref idref="oc-d9"/>
      </symbol>
      <symbol id="sm-224">
         <name>stepperSequence2</name>
         <value>0x3389</value>
         <object_component_ref idref="oc-dc"/>
      </symbol>
      <symbol id="sm-225">
         <name>clockWise2</name>
         <value>0x20000030</value>
         <object_component_ref idref="oc-d9"/>
      </symbol>
      <symbol id="sm-24c">
         <name>PORT1_IRQHandler</name>
         <value>0x2435</value>
         <object_component_ref idref="oc-85"/>
      </symbol>
      <symbol id="sm-24d">
         <name>initializeSwitches</name>
         <value>0x23c1</value>
         <object_component_ref idref="oc-85"/>
      </symbol>
      <symbol id="sm-26b">
         <name>delayMilliSec</name>
         <value>0x2951</value>
         <object_component_ref idref="oc-20f"/>
      </symbol>
      <symbol id="sm-26c">
         <name>delayMicroSec</name>
         <value>0x28e1</value>
         <object_component_ref idref="oc-20f"/>
      </symbol>
      <symbol id="sm-26d">
         <name>initDelayTimer</name>
         <value>0x28cd</value>
         <object_component_ref idref="oc-20f"/>
      </symbol>
      <symbol id="sm-26e">
         <name>sysClkFreq</name>
         <value>0x20000038</value>
         <object_component_ref idref="oc-29a"/>
      </symbol>
      <symbol id="sm-2bc">
         <name>SystemInit</name>
         <value>0x117d</value>
         <object_component_ref idref="oc-c3"/>
      </symbol>
      <symbol id="sm-2bd">
         <name>SystemCoreClockUpdate</name>
         <value>0xf05</value>
         <object_component_ref idref="oc-c3"/>
      </symbol>
      <symbol id="sm-2be">
         <name>SystemCoreClock</name>
         <value>0x20000040</value>
         <object_component_ref idref="oc-168"/>
      </symbol>
      <symbol id="sm-2d9">
         <name>TA1_N_IRQHandler</name>
         <value>0x2a49</value>
         <object_component_ref idref="oc-73"/>
      </symbol>
      <symbol id="sm-2da">
         <name>setupTA1</name>
         <value>0x2a15</value>
         <object_component_ref idref="oc-73"/>
      </symbol>
      <symbol id="sm-301">
         <name>sprintf</name>
         <value>0x3021</value>
         <object_component_ref idref="oc-1a8"/>
      </symbol>
      <symbol id="sm-318">
         <name>__aeabi_dsub</name>
         <value>0x1d01</value>
         <object_component_ref idref="oc-197"/>
      </symbol>
      <symbol id="sm-319">
         <name>__aeabi_dadd</name>
         <value>0x1d0b</value>
         <object_component_ref idref="oc-197"/>
      </symbol>
      <symbol id="sm-32d">
         <name>__aeabi_ddiv</name>
         <value>0x2289</value>
         <object_component_ref idref="oc-cf"/>
      </symbol>
      <symbol id="sm-338">
         <name>__aeabi_dmul</name>
         <value>0x271d</value>
         <object_component_ref idref="oc-ca"/>
      </symbol>
      <symbol id="sm-342">
         <name>__aeabi_d2iz</name>
         <value>0x2f51</value>
         <object_component_ref idref="oc-d4"/>
      </symbol>
      <symbol id="sm-34c">
         <name>__aeabi_i2d</name>
         <value>0x3145</value>
         <object_component_ref idref="oc-1b4"/>
      </symbol>
      <symbol id="sm-355">
         <name>__aeabi_lmul</name>
         <value>0x31fd</value>
         <object_component_ref idref="oc-290"/>
      </symbol>
      <symbol id="sm-370">
         <name>memcpy</name>
         <value>0x2979</value>
         <object_component_ref idref="oc-37"/>
      </symbol>
      <symbol id="sm-371">
         <name>__aeabi_memcpy</name>
         <value>0x2979</value>
         <object_component_ref idref="oc-37"/>
      </symbol>
      <symbol id="sm-372">
         <name>__aeabi_memcpy8</name>
         <value>0x2979</value>
         <object_component_ref idref="oc-37"/>
      </symbol>
      <symbol id="sm-373">
         <name>__aeabi_memcpy4</name>
         <value>0x2979</value>
         <object_component_ref idref="oc-37"/>
      </symbol>
      <symbol id="sm-37d">
         <name>__aeabi_ui2d</name>
         <value>0x3173</value>
         <object_component_ref idref="oc-192"/>
      </symbol>
      <symbol id="sm-38a">
         <name>__aeabi_uldivmod</name>
         <value>0x2ab1</value>
         <object_component_ref idref="oc-295"/>
      </symbol>
      <symbol id="sm-3a3">
         <name>__TI_zero_init_nomemset</name>
         <value>0x3193</value>
         <object_component_ref idref="oc-43"/>
      </symbol>
      <symbol id="sm-3ba">
         <name>__TI_decompress_none</name>
         <value>0x3251</value>
         <object_component_ref idref="oc-1d"/>
      </symbol>
      <symbol id="sm-3dd">
         <name>__TI_decompress_lzss</name>
         <value>0x2d3b</value>
         <object_component_ref idref="oc-17"/>
      </symbol>
      <symbol id="sm-3f0">
         <name>__stack</name>
         <value>0x2003fe00</value>
         <object_component_ref idref="oc-29"/>
      </symbol>
      <symbol id="sm-3f1">
         <name>_c_int00_noargs</name>
         <value>0x30dd</value>
         <object_component_ref idref="oc-55"/>
      </symbol>
      <symbol id="sm-556">
         <name>__TI_printfi</name>
         <value>0xe9</value>
         <object_component_ref idref="oc-1f6"/>
      </symbol>
      <symbol id="sm-560">
         <name>__aeabi_idiv0</name>
         <value>0xb37</value>
         <object_component_ref idref="oc-311"/>
      </symbol>
      <symbol id="sm-561">
         <name>__aeabi_ldiv0</name>
         <value>0xb37</value>
         <object_component_ref idref="oc-311"/>
      </symbol>
      <symbol id="sm-583">
         <name>__aeabi_cdcmpeq</name>
         <value>0x2b47</value>
         <object_component_ref idref="oc-251"/>
      </symbol>
      <symbol id="sm-584">
         <name>__aeabi_cdcmple</name>
         <value>0x2b47</value>
         <object_component_ref idref="oc-251"/>
      </symbol>
      <symbol id="sm-585">
         <name>__aeabi_cdrcmple</name>
         <value>0x2bcd</value>
         <object_component_ref idref="oc-2b8"/>
      </symbol>
      <symbol id="sm-594">
         <name>__aeabi_memset</name>
         <value>0x2c55</value>
         <object_component_ref idref="oc-a5"/>
      </symbol>
      <symbol id="sm-595">
         <name>memset</name>
         <value>0x2c5b</value>
         <object_component_ref idref="oc-a5"/>
      </symbol>
      <symbol id="sm-596">
         <name>__aeabi_memset8</name>
         <value>0x2c55</value>
         <object_component_ref idref="oc-a5"/>
      </symbol>
      <symbol id="sm-597">
         <name>__aeabi_memset4</name>
         <value>0x2c55</value>
         <object_component_ref idref="oc-a5"/>
      </symbol>
      <symbol id="sm-598">
         <name>__aeabi_memclr8</name>
         <value>0x2c53</value>
         <object_component_ref idref="oc-a5"/>
      </symbol>
      <symbol id="sm-599">
         <name>__aeabi_memclr4</name>
         <value>0x2c53</value>
         <object_component_ref idref="oc-a5"/>
      </symbol>
      <symbol id="sm-59a">
         <name>__aeabi_memclr</name>
         <value>0x2c53</value>
         <object_component_ref idref="oc-a5"/>
      </symbol>
      <symbol id="sm-5c2">
         <name>__TI_auto_init_nobinit_nopinit</name>
         <value>0x2fdd</value>
         <object_component_ref idref="oc-136"/>
      </symbol>
      <symbol id="sm-5cc">
         <name>_system_pre_init</name>
         <value>0x3281</value>
         <object_component_ref idref="oc-ab"/>
      </symbol>
      <symbol id="sm-5d8">
         <name>C$$EXIT</name>
         <value>0x3285</value>
         <object_component_ref idref="oc-12a"/>
      </symbol>
      <symbol id="sm-5d9">
         <name>abort</name>
         <value>0x3285</value>
         <object_component_ref idref="oc-12a"/>
      </symbol>
      <symbol id="sm-5e9">
         <name>__TI_ltoa</name>
         <value>0x2e5f</value>
         <object_component_ref idref="oc-2bd"/>
      </symbol>
      <symbol id="sm-600">
         <name>atoi</name>
         <value>0x2f05</value>
         <object_component_ref idref="oc-245"/>
      </symbol>
      <symbol id="sm-60b">
         <name>_ctypes_</name>
         <value>0x3288</value>
         <object_component_ref idref="oc-2b1"/>
      </symbol>
      <symbol id="sm-61b">
         <name>memccpy</name>
         <value>0x31af</value>
         <object_component_ref idref="oc-26e"/>
      </symbol>
      <symbol id="sm-62b">
         <name>strchr</name>
         <value>0x3215</value>
         <object_component_ref idref="oc-2ea"/>
      </symbol>
      <symbol id="sm-639">
         <name>strlen</name>
         <value>0x322b</value>
         <object_component_ref idref="oc-23f"/>
      </symbol>
      <symbol id="sm-64f">
         <name>__aeabi_errno_addr</name>
         <value>0x3279</value>
         <object_component_ref idref="oc-27a"/>
      </symbol>
      <symbol id="sm-650">
         <name>errno</name>
         <value>0x20000034</value>
         <object_component_ref idref="oc-2fa"/>
      </symbol>
      <symbol id="sm-669">
         <name>wcslen</name>
         <value>0x323f</value>
         <object_component_ref idref="oc-274"/>
      </symbol>
      <symbol id="sm-689">
         <name>frexpl</name>
         <value>0x2da5</value>
         <object_component_ref idref="oc-2de"/>
      </symbol>
      <symbol id="sm-68a">
         <name>frexp</name>
         <value>0x2da5</value>
         <object_component_ref idref="oc-2de"/>
      </symbol>
      <symbol id="sm-6a7">
         <name>scalbn</name>
         <value>0x260d</value>
         <object_component_ref idref="oc-2e4"/>
      </symbol>
      <symbol id="sm-6a8">
         <name>scalbnl</name>
         <value>0x260d</value>
         <object_component_ref idref="oc-2e4"/>
      </symbol>
      <symbol id="sm-6a9">
         <name>ldexpl</name>
         <value>0x260d</value>
         <object_component_ref idref="oc-2e4"/>
      </symbol>
      <symbol id="sm-6aa">
         <name>ldexp</name>
         <value>0x260d</value>
         <object_component_ref idref="oc-2e4"/>
      </symbol>
      <symbol id="sm-6b4">
         <name>copysign</name>
         <value>0x31cb</value>
         <object_component_ref idref="oc-32e"/>
      </symbol>
      <symbol id="sm-6b5">
         <name>copysignl</name>
         <value>0x31cb</value>
         <object_component_ref idref="oc-32e"/>
      </symbol>
      <symbol id="sm-6b6">
         <name>__TI_static_base__</name>
         <value>0x0</value>
      </symbol>
      <symbol id="sm-6b9">
         <name>__mpu_init</name>
         <value>0x0</value>
      </symbol>
      <symbol id="sm-6ba">
         <name>_system_post_cinit</name>
         <value>0x0</value>
      </symbol>
      <symbol id="sm-6bb">
         <name>NMI_Handler</name>
         <value>0x326b</value>
      </symbol>
      <symbol id="sm-6bc">
         <name>HardFault_Handler</name>
         <value>0x326b</value>
      </symbol>
      <symbol id="sm-6bd">
         <name>MemManage_Handler</name>
         <value>0x326b</value>
      </symbol>
      <symbol id="sm-6be">
         <name>BusFault_Handler</name>
         <value>0x326b</value>
      </symbol>
      <symbol id="sm-6bf">
         <name>UsageFault_Handler</name>
         <value>0x326b</value>
      </symbol>
      <symbol id="sm-6c0">
         <name>SVC_Handler</name>
         <value>0x326b</value>
      </symbol>
      <symbol id="sm-6c1">
         <name>DebugMon_Handler</name>
         <value>0x326b</value>
      </symbol>
      <symbol id="sm-6c2">
         <name>PendSV_Handler</name>
         <value>0x326b</value>
      </symbol>
      <symbol id="sm-6c3">
         <name>SysTick_Handler</name>
         <value>0x326b</value>
      </symbol>
      <symbol id="sm-6c4">
         <name>PSS_IRQHandler</name>
         <value>0x326b</value>
      </symbol>
      <symbol id="sm-6c5">
         <name>CS_IRQHandler</name>
         <value>0x326b</value>
      </symbol>
      <symbol id="sm-6c6">
         <name>PCM_IRQHandler</name>
         <value>0x326b</value>
      </symbol>
      <symbol id="sm-6c7">
         <name>WDT_A_IRQHandler</name>
         <value>0x326b</value>
      </symbol>
      <symbol id="sm-6c8">
         <name>FPU_IRQHandler</name>
         <value>0x326b</value>
      </symbol>
      <symbol id="sm-6c9">
         <name>FLCTL_A_IRQHandler</name>
         <value>0x326b</value>
      </symbol>
      <symbol id="sm-6ca">
         <name>COMP_E0_IRQHandler</name>
         <value>0x326b</value>
      </symbol>
      <symbol id="sm-6cb">
         <name>COMP_E1_IRQHandler</name>
         <value>0x326b</value>
      </symbol>
      <symbol id="sm-6cc">
         <name>TA0_0_IRQHandler</name>
         <value>0x1a4f</value>
      </symbol>
      <symbol id="sm-6cd">
         <name>TA0_N_IRQHandler</name>
         <value>0x326b</value>
      </symbol>
      <symbol id="sm-6ce">
         <name>TA1_0_IRQHandler</name>
         <value>0x326b</value>
      </symbol>
      <symbol id="sm-6cf">
         <name>TA1_N_IRQHandler</name>
         <value>0x2a49</value>
      </symbol>
      <symbol id="sm-6d0">
         <name>TA2_0_IRQHandler</name>
         <value>0x326b</value>
      </symbol>
      <symbol id="sm-6d1">
         <name>TA2_N_IRQHandler</name>
         <value>0x326b</value>
      </symbol>
      <symbol id="sm-6d2">
         <name>TA3_0_IRQHandler</name>
         <value>0x1c17</value>
      </symbol>
      <symbol id="sm-6d3">
         <name>TA3_N_IRQHandler</name>
         <value>0x326b</value>
      </symbol>
      <symbol id="sm-6d4">
         <name>EUSCIA0_IRQHandler</name>
         <value>0x326b</value>
      </symbol>
      <symbol id="sm-6d5">
         <name>EUSCIA1_IRQHandler</name>
         <value>0x326b</value>
      </symbol>
      <symbol id="sm-6d6">
         <name>EUSCIA2_IRQHandler</name>
         <value>0x326b</value>
      </symbol>
      <symbol id="sm-6d7">
         <name>EUSCIA3_IRQHandler</name>
         <value>0x326b</value>
      </symbol>
      <symbol id="sm-6d8">
         <name>EUSCIB0_IRQHandler</name>
         <value>0x326b</value>
      </symbol>
      <symbol id="sm-6d9">
         <name>EUSCIB1_IRQHandler</name>
         <value>0x326b</value>
      </symbol>
      <symbol id="sm-6da">
         <name>EUSCIB2_IRQHandler</name>
         <value>0x326b</value>
      </symbol>
      <symbol id="sm-6db">
         <name>EUSCIB3_IRQHandler</name>
         <value>0x326b</value>
      </symbol>
      <symbol id="sm-6dc">
         <name>ADC14_IRQHandler</name>
         <value>0x1f4f</value>
      </symbol>
      <symbol id="sm-6dd">
         <name>T32_INT1_IRQHandler</name>
         <value>0x326b</value>
      </symbol>
      <symbol id="sm-6de">
         <name>T32_INT2_IRQHandler</name>
         <value>0x326b</value>
      </symbol>
      <symbol id="sm-6df">
         <name>T32_INTC_IRQHandler</name>
         <value>0x326b</value>
      </symbol>
      <symbol id="sm-6e0">
         <name>AES256_IRQHandler</name>
         <value>0x326b</value>
      </symbol>
      <symbol id="sm-6e1">
         <name>RTC_C_IRQHandler</name>
         <value>0x326b</value>
      </symbol>
      <symbol id="sm-6e2">
         <name>DMA_ERR_IRQHandler</name>
         <value>0x326b</value>
      </symbol>
      <symbol id="sm-6e3">
         <name>DMA_INT3_IRQHandler</name>
         <value>0x326b</value>
      </symbol>
      <symbol id="sm-6e4">
         <name>DMA_INT2_IRQHandler</name>
         <value>0x326b</value>
      </symbol>
      <symbol id="sm-6e5">
         <name>DMA_INT1_IRQHandler</name>
         <value>0x326b</value>
      </symbol>
      <symbol id="sm-6e6">
         <name>DMA_INT0_IRQHandler</name>
         <value>0x326b</value>
      </symbol>
      <symbol id="sm-6e7">
         <name>PORT1_IRQHandler</name>
         <value>0x2435</value>
      </symbol>
      <symbol id="sm-6e8">
         <name>PORT2_IRQHandler</name>
         <value>0x326b</value>
      </symbol>
      <symbol id="sm-6e9">
         <name>PORT3_IRQHandler</name>
         <value>0x326b</value>
      </symbol>
      <symbol id="sm-6ea">
         <name>PORT4_IRQHandler</name>
         <value>0x326b</value>
      </symbol>
      <symbol id="sm-6eb">
         <name>PORT5_IRQHandler</name>
         <value>0x326b</value>
      </symbol>
      <symbol id="sm-6ec">
         <name>PORT6_IRQHandler</name>
         <value>0x326b</value>
      </symbol>
      <symbol id="sm-6ed">
         <name>LCD_F_IRQHandler</name>
         <value>0x326b</value>
      </symbol>
   </symbol_table>
   <title>Link successful</title>
</link_info>
