******************************************************************************
                  TI ARM Linker PC v20.2.7                     
******************************************************************************
>> Linked Sun Feb 19 13:56:42 2023

OUTPUT FILE NAME:   <TermProjectFinal2.out>
ENTRY POINT SYMBOL: "_c_int00_noargs"  address: 00003189


MEMORY CONFIGURATION

         name            origin    length      used     unused   attr    fill
----------------------  --------  ---------  --------  --------  ----  --------
  MAIN                  00000000   00200000  0000348d  001fcb73  R  X
  INFO                  00200000   00008000  00000000  00008000  R  X
  SRAM_CODE             01000000   00040000  0000028d  0003fd73  RW X
  SRAM_DATA             20000000   00040000  0000028d  0003fd73  RW  


SEGMENT ALLOCATION MAP

run origin  load origin   length   init length attrs members
----------  ----------- ---------- ----------- ----- -------
00000000    00000000    00003490   00003490    r-x
  00000000    00000000    000000e8   000000e8    r-- .intvecs
  000000e8    000000e8    0000324c   0000324c    r-x .text
  00003334    00003334    00000111   00000111    r-- .const
  00003448    00003448    00000048   00000048    r-- .cinit
20000000    20000000    00000094   00000000    rw-
  20000000    20000000    00000049   00000000    rw- .bss
  20000050    20000050    00000044   00000000    rw- .data
2003fe00    2003fe00    00000200   00000000    rw-
  2003fe00    2003fe00    00000200   00000000    rw- .stack


SECTION ALLOCATION MAP

 output                                  attributes/
section   page    origin      length       input sections
--------  ----  ----------  ----------   ----------------
.intvecs   0    00000000    000000e8     
                  00000000    000000e8     startup_msp432p4111_ccs.obj (.intvecs:retain)

.text      0    000000e8    0000324c     
                  000000e8    00000a4e     rtsv7M4_T_le_v4SPD16_eabi.lib : _printfi.c.obj (.text:__TI_printfi)
                  00000b36    00000002                                   : div0.asm.obj (.text)
                  00000b38    0000047c     stateMachine.obj (.text)
                  00000fb4    00000350     system_msp432p4111.obj (.text)
                  00001304    000002d0     lcd.obj (.text)
                  000015d4    00000270     rtsv7M4_T_le_v4SPD16_eabi.lib : _printfi.c.obj (.text:_pconv_a)
                  00001844    000001f8     stepperMotor.obj (.text)
                  00001a3c    000001d0     rtsv7M4_T_le_v4SPD16_eabi.lib : _printfi.c.obj (.text:_pconv_g)
                  00001c0c    000001cc     stepperMotor2.obj (.text)
                  00001dd8    000001b6     rtsv7M4_T_le_v4SPD16_eabi.lib : fd_add_t2.asm.obj (.text)
                  00001f8e    00000002     --HOLE-- [fill = 0]
                  00001f90    00000150     adc.obj (.text)
                  000020e0    00000144     servoDriver.obj (.text)
                  00002224    0000013c     rtsv7M4_T_le_v4SPD16_eabi.lib : _printfi.c.obj (.text:_pconv_e)
                  00002360    00000136                                   : fd_div_t2.asm.obj (.text)
                  00002496    00000002     --HOLE-- [fill = 0]
                  00002498    00000124                                   : _printfi.c.obj (.text:fcvt)
                  000025bc    0000011c     sw.obj (.text)
                  000026d8    00000110     rtsv7M4_T_le_v4SPD16_eabi.lib : s_scalbn.c.obj (.text:scalbn)
                  000027e8    000000fc                                   : fd_mul_t2.asm.obj (.text)
                  000028e4    000000b1                                   : _printfi.c.obj (.text:_ltostr)
                  00002995    00000003     --HOLE-- [fill = 0]
                  00002998    000000ac     sysTickDelays.obj (.text)
                  00002a44    0000009c     rtsv7M4_T_le_v4SPD16_eabi.lib : memcpy_t2.asm.obj (.text)
                  00002ae0    00000096                                   : ull_div_t2.asm.obj (.text)
                  00002b76    00000086                                   : fd_cmp_t2.asm.obj (.text:__aeabi_cdcmple)
                  00002bfc    00000086                                   : fd_cmp_t2.asm.obj (.text:__aeabi_cdrcmple)
                  00002c82    00000002     --HOLE-- [fill = 0]
                  00002c84    0000007c     timer32.obj (.text)
                  00002d00    0000007a     rtsv7M4_T_le_v4SPD16_eabi.lib : memset_t2.asm.obj (.text)
                  00002d7a    0000006e                                   : _printfi.c.obj (.text:_mcpy)
                  00002de8    00000068                                   : copy_decompress_lzss.c.obj (.text:decompress:lzss:__TI_decompress_lzss)
                  00002e50    00000064                                   : s_frexp.c.obj (.text:frexp)
                  00002eb4    00000056                                   : _printfi.c.obj (.text:_pconv_f)
                  00002f0a    00000054                                   : _ltoa.c.obj (.text:__TI_ltoa)
                  00002f5e    00000052                                   : _printfi.c.obj (.text:_ecpy)
                  00002fb0    0000004c                                   : atoi.c.obj (.text:atoi)
                  00002ffc    00000048                                   : fd_toi_t2.asm.obj (.text)
                  00003044    00000044     ClawGame.obj (.text)
                  00003088    00000044     rtsv7M4_T_le_v4SPD16_eabi.lib : autoinit.c.obj (.text:__TI_auto_init_nobinit_nopinit:__TI_auto_init_nobinit_nopinit)
                  000030cc    00000040                                   : sprintf.c.obj (.text:sprintf)
                  0000310c    0000003e                                   : _printfi.c.obj (.text:_fcpy)
                  0000314a    00000002     --HOLE-- [fill = 0]
                  0000314c    0000003c     led.obj (.text)
                  00003188    00000034     rtsv7M4_T_le_v4SPD16_eabi.lib : boot_cortex_m.c.obj (.text:_c_int00_noargs:_c_int00_noargs)
                  000031bc    00000034     clocks.obj (.text)
                  000031f0    0000002e     rtsv7M4_T_le_v4SPD16_eabi.lib : i_tofd_t2.asm.obj (.text)
                  0000321e    00000020                                   : u_tofd_t2.asm.obj (.text)
                  0000323e    0000001c                                   : copy_zero_init.c.obj (.text:decompress:ZI:__TI_zero_init_nomemset:__TI_zero_init_nomemset)
                  0000325a    0000001c                                   : memccpy.c.obj (.text:memccpy)
                  00003276    0000001a                                   : s_copysign.c.obj (.text:copysign)
                  00003290    00000018                                   : sprintf.c.obj (.text:_outs)
                  000032a8    00000018                                   : ll_mul_t2.asm.obj (.text)
                  000032c0    00000016                                   : strchr.c.obj (.text:strchr)
                  000032d6    00000014                                   : strlen.c.obj (.text:strlen)
                  000032ea    00000012                                   : wcslen.c.obj (.text:wcslen)
                  000032fc    0000000e                                   : copy_decompress_none.c.obj (.text:decompress:none:__TI_decompress_none)
                  0000330a    0000000e     startup_msp432p4111_ccs.obj (.text)
                  00003318    0000000a     rtsv7M4_T_le_v4SPD16_eabi.lib : sprintf.c.obj (.text:_outc)
                  00003322    00000002     --HOLE-- [fill = 0]
                  00003324    00000008                                   : errno.c.obj (.text:__aeabi_errno_addr)
                  0000332c    00000004                                   : pre_init.c.obj (.text:_system_pre_init)
                  00003330    00000004                                   : exit.c.obj (.text:abort:abort)

.const     0    00003334    00000111     
                  00003334    00000101     rtsv7M4_T_le_v4SPD16_eabi.lib : ctype.c.obj (.const:.string:_ctypes_)
                  00003435    00000008     stepperMotor2.obj (.const:.string:stepperSequence2)
                  0000343d    00000008     stepperMotor.obj (.const:.string:stepperSequence)

.cinit     0    00003448    00000048     
                  00003448    00000020     (.cinit..data.load) [load image, compression = lzss]
                  00003468    0000000c     (__TI_handler_table)
                  00003474    00000004     --HOLE-- [fill = 0]
                  00003478    00000008     (.cinit..bss.load) [load image, compression = zero_init]
                  00003480    00000010     (__TI_cinit_table)

.init_array 
*          0    00000000    00000000     UNINITIALIZED

.binit     0    00000000    00000000     

.bss       0    20000000    00000049     UNINITIALIZED
                  20000000    00000004     (.common:bonus)
                  20000004    00000004     (.common:curAngle)
                  20000008    00000004     (.common:curState)
                  2000000c    00000004     (.common:curTime)
                  20000010    00000004     (.common:i)
                  20000014    00000004     (.common:lastPressed)
                  20000018    00000004     (.common:lastPressedTime)
                  2000001c    00000004     (.common:photoVal)
                  20000020    00000004     (.common:photoVal2)
                  20000024    00000004     (.common:pressed)
                  20000028    00000004     (.common:record)
                  2000002c    00000004     (.common:resetNeeded)
                  20000030    00000004     (.common:score)
                  20000034    00000004     (.common:secondTicks)
                  20000038    00000004     (.common:winTicks)
                  2000003c    00000004     (.common:winTime)
                  20000040    00000004     (.common:xVal)
                  20000044    00000004     (.common:yVal)
                  20000048    00000001     (.common:resultReady)

.data      0    20000050    00000044     UNINITIALIZED
                  20000050    00000021     stateMachine.obj (.data:lcdText)
                  20000071    00000001     --HOLE--
                  20000072    00000002     servoDriver.obj (.data)
                  20000074    00000008     stepperMotor.obj (.data)
                  2000007c    00000008     stepperMotor2.obj (.data)
                  20000084    00000004     rtsv7M4_T_le_v4SPD16_eabi.lib : errno.c.obj (.data)
                  20000088    00000008     sysTickDelays.obj (.data)
                  20000090    00000004     system_msp432p4111.obj (.data)

.stack     0    2003fe00    00000200     UNINITIALIZED
                  2003fe00    00000004     rtsv7M4_T_le_v4SPD16_eabi.lib : boot_cortex_m.c.obj (.stack)
                  2003fe04    000001fc     --HOLE--

__llvm_prf_cnts 
*          0    20000000    00000000     UNINITIALIZED

MODULE SUMMARY

       Module                        code    ro data   rw data
       ------                        ----    -------   -------
    .\
       stateMachine.obj              1148    0         98     
       system_msp432p4111.obj        848     0         8      
       lcd.obj                       720     0         0      
       stepperMotor.obj              504     8         16     
       stepperMotor2.obj             460     8         16     
       adc.obj                       336     0         0      
       servoDriver.obj               324     0         12     
       sw.obj                        284     0         0      
       startup_msp432p4111_ccs.obj   14      232       0      
       sysTickDelays.obj             172     0         16     
       ClawGame.obj                  68      0         106    
       timer32.obj                   124     0         0      
       led.obj                       60      0         0      
       clocks.obj                    52      0         0      
    +--+-----------------------------+-------+---------+---------+
       Total:                        5114    248       272    
                                                              
    C:\ti\ccs1210\ccs\tools\compiler\ti-cgt-arm_20.2.7.LTS\lib\rtsv7M4_T_le_v4SPD16_eabi.lib
       _printfi.c.obj                4851    0         0      
       fd_add_t2.asm.obj             438     0         0      
       fd_div_t2.asm.obj             310     0         0      
       s_scalbn.c.obj                272     0         0      
       fd_cmp_t2.asm.obj             268     0         0      
       ctype.c.obj                   0       257       0      
       fd_mul_t2.asm.obj             252     0         0      
       memcpy_t2.asm.obj             156     0         0      
       ull_div_t2.asm.obj            150     0         0      
       memset_t2.asm.obj             122     0         0      
       copy_decompress_lzss.c.obj    104     0         0      
       s_frexp.c.obj                 100     0         0      
       sprintf.c.obj                 98      0         0      
       _ltoa.c.obj                   84      0         0      
       atoi.c.obj                    76      0         0      
       fd_toi_t2.asm.obj             72      0         0      
       autoinit.c.obj                68      0         0      
       boot_cortex_m.c.obj           52      0         0      
       i_tofd_t2.asm.obj             46      0         0      
       u_tofd_t2.asm.obj             32      0         0      
       copy_zero_init.c.obj          28      0         0      
       memccpy.c.obj                 28      0         0      
       s_copysign.c.obj              26      0         0      
       ll_mul_t2.asm.obj             24      0         0      
       strchr.c.obj                  22      0         0      
       strlen.c.obj                  20      0         0      
       wcslen.c.obj                  18      0         0      
       errno.c.obj                   8       0         8      
       copy_decompress_none.c.obj    14      0         0      
       exit.c.obj                    4       0         0      
       pre_init.c.obj                4       0         0      
       div0.asm.obj                  2       0         0      
    +--+-----------------------------+-------+---------+---------+
       Total:                        7749    257       8      
                                                              
       Stack:                        0       0         1024   
       Linker Generated:             0       68        0      
    +--+-----------------------------+-------+---------+---------+
       Grand Total:                  12863   573       1304   


LINKER GENERATED COPY TABLES

__TI_cinit_table @ 00003480 records: 2, size/record: 8, table size: 16
	.data: load addr=00003448, load size=00000020 bytes, run addr=20000050, run size=00000044 bytes, compression=lzss
	.bss: load addr=00003478, load size=00000008 bytes, run addr=20000000, run size=00000049 bytes, compression=zero_init


LINKER GENERATED HANDLER TABLE

__TI_handler_table @ 00003468 records: 3, size/record: 4, table size: 12
	index: 0, handler: __TI_decompress_lzss
	index: 1, handler: __TI_decompress_none
	index: 2, handler: __TI_zero_init


GLOBAL SYMBOLS: SORTED ALPHABETICALLY BY Name 

address   name                          
-------   ----                          
00002027  ADC14_IRQHandler              
00002027  ADC14_IRQHandler              
00003317  AES256_IRQHandler             
00003317  BusFault_Handler              
00003331  C$$EXIT                       
00003317  COMP_E0_IRQHandler            
00003317  COMP_E1_IRQHandler            
00003317  CS_IRQHandler                 
00003317  DMA_ERR_IRQHandler            
00003317  DMA_INT0_IRQHandler           
00003317  DMA_INT1_IRQHandler           
00003317  DMA_INT2_IRQHandler           
00003317  DMA_INT3_IRQHandler           
00003317  DebugMon_Handler              
00003317  Default_Handler               
00003317  EUSCIA0_IRQHandler            
00003317  EUSCIA1_IRQHandler            
00003317  EUSCIA2_IRQHandler            
00003317  EUSCIA3_IRQHandler            
00003317  EUSCIB0_IRQHandler            
00003317  EUSCIB1_IRQHandler            
00003317  EUSCIB2_IRQHandler            
00003317  EUSCIB3_IRQHandler            
00003317  FLCTL_A_IRQHandler            
00003317  FPU_IRQHandler                
00003317  HardFault_Handler             
00003317  LCD_F_IRQHandler              
00003317  MemManage_Handler             
00003317  NMI_Handler                   
00003317  PCM_IRQHandler                
00003317  PORT1_IRQHandler              
00003317  PORT2_IRQHandler              
00003317  PORT3_IRQHandler              
00003317  PORT4_IRQHandler              
00003317  PORT5_IRQHandler              
00003317  PORT6_IRQHandler              
00003317  PSS_IRQHandler                
00003317  PendSV_Handler                
00003317  RTC_C_IRQHandler              
0000330b  Reset_Handler                 
00003317  SVC_Handler                   
00003317  SysTick_Handler               
20000090  SystemCoreClock               
00000fb5  SystemCoreClockUpdate         
0000122d  SystemInit                    
00002cb5  T32_INT1_IRQHandler           
00002cb5  T32_INT1_IRQHandler           
00003317  T32_INT2_IRQHandler           
00003317  T32_INTC_IRQHandler           
00003317  TA0_0_IRQHandler              
0000261f  TA0_N_IRQHandler              
0000261f  TA0_N_IRQHandler              
00001cef  TA1_0_IRQHandler              
00001cef  TA1_0_IRQHandler              
00003317  TA1_N_IRQHandler              
00003317  TA2_0_IRQHandler              
00003317  TA2_N_IRQHandler              
00001953  TA3_0_IRQHandler              
00001953  TA3_0_IRQHandler              
00003317  TA3_N_IRQHandler              
00003317  UsageFault_Handler            
4000480c  WDTCTL_SYM                    
00003317  WDT_A_IRQHandler              
20040000  __STACK_END                   
00000200  __STACK_SIZE                  
00003480  __TI_CINIT_Base               
00003490  __TI_CINIT_Limit              
00003468  __TI_Handler_Table_Base       
00003474  __TI_Handler_Table_Limit      
00003089  __TI_auto_init_nobinit_nopinit
00002de9  __TI_decompress_lzss          
000032fd  __TI_decompress_none          
00002f0b  __TI_ltoa                     
ffffffff  __TI_pprof_out_hndl           
000000e9  __TI_printfi                  
ffffffff  __TI_prof_data_size           
ffffffff  __TI_prof_data_start          
00000000  __TI_static_base__            
0000323f  __TI_zero_init_nomemset       
00002b77  __aeabi_cdcmpeq               
00002b77  __aeabi_cdcmple               
00002bfd  __aeabi_cdrcmple              
00002ffd  __aeabi_d2iz                  
00001de3  __aeabi_dadd                  
00002361  __aeabi_ddiv                  
000027e9  __aeabi_dmul                  
00001dd9  __aeabi_dsub                  
00003325  __aeabi_errno_addr            
000031f1  __aeabi_i2d                   
00000b37  __aeabi_idiv0                 
00000b37  __aeabi_ldiv0                 
000032a9  __aeabi_lmul                  
00002d01  __aeabi_memclr                
00002d01  __aeabi_memclr4               
00002d01  __aeabi_memclr8               
00002a45  __aeabi_memcpy                
00002a45  __aeabi_memcpy4               
00002a45  __aeabi_memcpy8               
00002d03  __aeabi_memset                
00002d03  __aeabi_memset4               
00002d03  __aeabi_memset8               
0000321f  __aeabi_ui2d                  
00002ae1  __aeabi_uldivmod              
ffffffff  __binit__                     
ffffffff  __c_args__                    
UNDEFED   __mpu_init                    
2003fe00  __stack                       
20000000  __start___llvm_prf_cnts       
20000000  __stop___llvm_prf_cnts        
00003189  _c_int00_noargs               
00003334  _ctypes_                      
UNDEFED   _system_post_cinit            
0000332d  _system_pre_init              
00003331  abort                         
0000201b  adcSample                     
00002fb1  atoi                          
ffffffff  binit                         
20000000  bonus                         
00000ee5  calculateBonus                
000014eb  clearDisplay                  
20000078  clockWise                     
20000080  clockWise2                    
00001437  commandInstruction            
000031bd  configClocks                  
00001313  configLCD                     
00001fd5  configureADC14                
00003277  copysign                      
00003277  copysignl                     
00000c0f  countDown                     
20000004  curAngle                      
20000008  curState                      
2000000c  curTime                       
20000076  currentStep                   
2000007e  currentStep2                  
00001451  dataInstruction               
000029ad  delayMicroSec                 
00002a1d  delayMilliSec                 
000018b7  disableStepperMotor           
00001c7f  disableStepperMotor2          
0000189f  enableStepperMotor            
00001c67  enableStepperMotor2           
20000084  errno                         
00002e51  frexp                         
00002e51  frexpl                        
20000010  i                             
00002137  incrementTenDegree            
00001f91  initADCPorts                  
00002999  initDelayTimer                
00001465  initLCD                       
000020e1  initServoMotor                
00000b39  initState                     
00001845  initStepperMotor              
00001c0d  initStepperMotor2             
00000ce1  initializeAll                 
0000314d  initializeRGBLEDs             
000025bd  initializeSwitches            
00001377  instructionDelay              
00000000  interruptVectors              
20000014  lastPressed                   
20000018  lastPressedTime               
20000050  lcdText                       
000026d9  ldexp                         
000026d9  ldexpl                        
00003045  main                          
0000325b  memccpy                       
00002a45  memcpy                        
00002d09  memset                        
00001501  moveCursor                    
00000c45  moveJoystick                  
00000d55  moveSteppers                  
2000001c  photoVal                      
20000020  photoVal2                     
20000024  pressed                       
000014db  printChar                     
20000072  pulseWidthTicks               
20000028  record                        
00000bb5  reset                         
2000002c  resetNeeded                   
20000048  resultReady                   
000014f7  returnHome                    
000026d9  scalbn                        
000026d9  scalbnl                       
20000030  score                         
20000034  secondTicks                   
00001971  setDirection                  
00001d0d  setDirection2                 
000019a5  setRPM                        
00001d41  setRPM2                       
00002185  setServoAngle                 
00001305  setupLCD                      
00002c85  setupT32                      
00000b7d  showLost                      
00000b41  showWon                       
000030cd  sprintf                       
000018c5  stepClockwise                 
00001c8d  stepClockwise2                
0000190b  stepCounterClockwise          
00001cbd  stepCounterClockwise2         
20000074  stepPeriod                    
2000007c  stepPeriod2                   
0000343d  stepperSequence               
00003435  stepperSequence2              
000032c1  strchr                        
000032d7  strlen                        
20000088  sysClkFreq                    
0000198f  toggleDirection               
00001d2b  toggleDirection2              
000021bd  toggleServo                   
00001537  updateDispVal                 
000032eb  wcslen                        
20000038  winTicks                      
2000003c  winTime                       
000013a5  writeInstruction              
20000040  xVal                          
20000044  yVal                          


GLOBAL SYMBOLS: SORTED BY Symbol Address 

address   name                          
-------   ----                          
00000000  __TI_static_base__            
00000000  interruptVectors              
000000e9  __TI_printfi                  
00000200  __STACK_SIZE                  
00000b37  __aeabi_idiv0                 
00000b37  __aeabi_ldiv0                 
00000b39  initState                     
00000b41  showWon                       
00000b7d  showLost                      
00000bb5  reset                         
00000c0f  countDown                     
00000c45  moveJoystick                  
00000ce1  initializeAll                 
00000d55  moveSteppers                  
00000ee5  calculateBonus                
00000fb5  SystemCoreClockUpdate         
0000122d  SystemInit                    
00001305  setupLCD                      
00001313  configLCD                     
00001377  instructionDelay              
000013a5  writeInstruction              
00001437  commandInstruction            
00001451  dataInstruction               
00001465  initLCD                       
000014db  printChar                     
000014eb  clearDisplay                  
000014f7  returnHome                    
00001501  moveCursor                    
00001537  updateDispVal                 
00001845  initStepperMotor              
0000189f  enableStepperMotor            
000018b7  disableStepperMotor           
000018c5  stepClockwise                 
0000190b  stepCounterClockwise          
00001953  TA3_0_IRQHandler              
00001953  TA3_0_IRQHandler              
00001971  setDirection                  
0000198f  toggleDirection               
000019a5  setRPM                        
00001c0d  initStepperMotor2             
00001c67  enableStepperMotor2           
00001c7f  disableStepperMotor2          
00001c8d  stepClockwise2                
00001cbd  stepCounterClockwise2         
00001cef  TA1_0_IRQHandler              
00001cef  TA1_0_IRQHandler              
00001d0d  setDirection2                 
00001d2b  toggleDirection2              
00001d41  setRPM2                       
00001dd9  __aeabi_dsub                  
00001de3  __aeabi_dadd                  
00001f91  initADCPorts                  
00001fd5  configureADC14                
0000201b  adcSample                     
00002027  ADC14_IRQHandler              
00002027  ADC14_IRQHandler              
000020e1  initServoMotor                
00002137  incrementTenDegree            
00002185  setServoAngle                 
000021bd  toggleServo                   
00002361  __aeabi_ddiv                  
000025bd  initializeSwitches            
0000261f  TA0_N_IRQHandler              
0000261f  TA0_N_IRQHandler              
000026d9  ldexp                         
000026d9  ldexpl                        
000026d9  scalbn                        
000026d9  scalbnl                       
000027e9  __aeabi_dmul                  
00002999  initDelayTimer                
000029ad  delayMicroSec                 
00002a1d  delayMilliSec                 
00002a45  __aeabi_memcpy                
00002a45  __aeabi_memcpy4               
00002a45  __aeabi_memcpy8               
00002a45  memcpy                        
00002ae1  __aeabi_uldivmod              
00002b77  __aeabi_cdcmpeq               
00002b77  __aeabi_cdcmple               
00002bfd  __aeabi_cdrcmple              
00002c85  setupT32                      
00002cb5  T32_INT1_IRQHandler           
00002cb5  T32_INT1_IRQHandler           
00002d01  __aeabi_memclr                
00002d01  __aeabi_memclr4               
00002d01  __aeabi_memclr8               
00002d03  __aeabi_memset                
00002d03  __aeabi_memset4               
00002d03  __aeabi_memset8               
00002d09  memset                        
00002de9  __TI_decompress_lzss          
00002e51  frexp                         
00002e51  frexpl                        
00002f0b  __TI_ltoa                     
00002fb1  atoi                          
00002ffd  __aeabi_d2iz                  
00003045  main                          
00003089  __TI_auto_init_nobinit_nopinit
000030cd  sprintf                       
0000314d  initializeRGBLEDs             
00003189  _c_int00_noargs               
000031bd  configClocks                  
000031f1  __aeabi_i2d                   
0000321f  __aeabi_ui2d                  
0000323f  __TI_zero_init_nomemset       
0000325b  memccpy                       
00003277  copysign                      
00003277  copysignl                     
000032a9  __aeabi_lmul                  
000032c1  strchr                        
000032d7  strlen                        
000032eb  wcslen                        
000032fd  __TI_decompress_none          
0000330b  Reset_Handler                 
00003317  AES256_IRQHandler             
00003317  BusFault_Handler              
00003317  COMP_E0_IRQHandler            
00003317  COMP_E1_IRQHandler            
00003317  CS_IRQHandler                 
00003317  DMA_ERR_IRQHandler            
00003317  DMA_INT0_IRQHandler           
00003317  DMA_INT1_IRQHandler           
00003317  DMA_INT2_IRQHandler           
00003317  DMA_INT3_IRQHandler           
00003317  DebugMon_Handler              
00003317  Default_Handler               
00003317  EUSCIA0_IRQHandler            
00003317  EUSCIA1_IRQHandler            
00003317  EUSCIA2_IRQHandler            
00003317  EUSCIA3_IRQHandler            
00003317  EUSCIB0_IRQHandler            
00003317  EUSCIB1_IRQHandler            
00003317  EUSCIB2_IRQHandler            
00003317  EUSCIB3_IRQHandler            
00003317  FLCTL_A_IRQHandler            
00003317  FPU_IRQHandler                
00003317  HardFault_Handler             
00003317  LCD_F_IRQHandler              
00003317  MemManage_Handler             
00003317  NMI_Handler                   
00003317  PCM_IRQHandler                
00003317  PORT1_IRQHandler              
00003317  PORT2_IRQHandler              
00003317  PORT3_IRQHandler              
00003317  PORT4_IRQHandler              
00003317  PORT5_IRQHandler              
00003317  PORT6_IRQHandler              
00003317  PSS_IRQHandler                
00003317  PendSV_Handler                
00003317  RTC_C_IRQHandler              
00003317  SVC_Handler                   
00003317  SysTick_Handler               
00003317  T32_INT2_IRQHandler           
00003317  T32_INTC_IRQHandler           
00003317  TA0_0_IRQHandler              
00003317  TA1_N_IRQHandler              
00003317  TA2_0_IRQHandler              
00003317  TA2_N_IRQHandler              
00003317  TA3_N_IRQHandler              
00003317  UsageFault_Handler            
00003317  WDT_A_IRQHandler              
00003325  __aeabi_errno_addr            
0000332d  _system_pre_init              
00003331  C$$EXIT                       
00003331  abort                         
00003334  _ctypes_                      
00003435  stepperSequence2              
0000343d  stepperSequence               
00003468  __TI_Handler_Table_Base       
00003474  __TI_Handler_Table_Limit      
00003480  __TI_CINIT_Base               
00003490  __TI_CINIT_Limit              
20000000  __start___llvm_prf_cnts       
20000000  __stop___llvm_prf_cnts        
20000000  bonus                         
20000004  curAngle                      
20000008  curState                      
2000000c  curTime                       
20000010  i                             
20000014  lastPressed                   
20000018  lastPressedTime               
2000001c  photoVal                      
20000020  photoVal2                     
20000024  pressed                       
20000028  record                        
2000002c  resetNeeded                   
20000030  score                         
20000034  secondTicks                   
20000038  winTicks                      
2000003c  winTime                       
20000040  xVal                          
20000044  yVal                          
20000048  resultReady                   
20000050  lcdText                       
20000072  pulseWidthTicks               
20000074  stepPeriod                    
20000076  currentStep                   
20000078  clockWise                     
2000007c  stepPeriod2                   
2000007e  currentStep2                  
20000080  clockWise2                    
20000084  errno                         
20000088  sysClkFreq                    
20000090  SystemCoreClock               
2003fe00  __stack                       
20040000  __STACK_END                   
4000480c  WDTCTL_SYM                    
ffffffff  __TI_pprof_out_hndl           
ffffffff  __TI_prof_data_size           
ffffffff  __TI_prof_data_start          
ffffffff  __binit__                     
ffffffff  __c_args__                    
ffffffff  binit                         
UNDEFED   __mpu_init                    
UNDEFED   _system_post_cinit            

[215 symbols]
